Archive member included to satisfy reference by file (symbol)

c:/st/stm32cubeide_1.6.1/stm32cubeide/plugins/com.st.stm32cube.ide.mcu.externaltools.gnu-tools-for-stm32.10.3-2021.10.win32_1.0.0.202111181127/tools/bin/../lib/gcc/arm-none-eabi/10.3.1/../../../../arm-none-eabi/lib/thumb/v7e-m+fp/hard\libc_nano.a(lib_a-exit.o)
                              c:/st/stm32cubeide_1.6.1/stm32cubeide/plugins/com.st.stm32cube.ide.mcu.externaltools.gnu-tools-for-stm32.10.3-2021.10.win32_1.0.0.202111181127/tools/bin/../lib/gcc/arm-none-eabi/10.3.1/../../../../arm-none-eabi/lib/thumb/v7e-m+fp/hard/crt0.o (exit)
c:/st/stm32cubeide_1.6.1/stm32cubeide/plugins/com.st.stm32cube.ide.mcu.externaltools.gnu-tools-for-stm32.10.3-2021.10.win32_1.0.0.202111181127/tools/bin/../lib/gcc/arm-none-eabi/10.3.1/../../../../arm-none-eabi/lib/thumb/v7e-m+fp/hard\libc_nano.a(lib_a-impure.o)
                              c:/st/stm32cubeide_1.6.1/stm32cubeide/plugins/com.st.stm32cube.ide.mcu.externaltools.gnu-tools-for-stm32.10.3-2021.10.win32_1.0.0.202111181127/tools/bin/../lib/gcc/arm-none-eabi/10.3.1/../../../../arm-none-eabi/lib/thumb/v7e-m+fp/hard\libc_nano.a(lib_a-exit.o) (_global_impure_ptr)
c:/st/stm32cubeide_1.6.1/stm32cubeide/plugins/com.st.stm32cube.ide.mcu.externaltools.gnu-tools-for-stm32.10.3-2021.10.win32_1.0.0.202111181127/tools/bin/../lib/gcc/arm-none-eabi/10.3.1/../../../../arm-none-eabi/lib/thumb/v7e-m+fp/hard\libc_nano.a(lib_a-init.o)
                              c:/st/stm32cubeide_1.6.1/stm32cubeide/plugins/com.st.stm32cube.ide.mcu.externaltools.gnu-tools-for-stm32.10.3-2021.10.win32_1.0.0.202111181127/tools/bin/../lib/gcc/arm-none-eabi/10.3.1/../../../../arm-none-eabi/lib/thumb/v7e-m+fp/hard/crt0.o (__libc_init_array)
c:/st/stm32cubeide_1.6.1/stm32cubeide/plugins/com.st.stm32cube.ide.mcu.externaltools.gnu-tools-for-stm32.10.3-2021.10.win32_1.0.0.202111181127/tools/bin/../lib/gcc/arm-none-eabi/10.3.1/../../../../arm-none-eabi/lib/thumb/v7e-m+fp/hard\libc_nano.a(lib_a-memcpy-stub.o)
                              ./Middlewares/Third_Party/FreeRTOS/Source/queue.o (memcpy)
c:/st/stm32cubeide_1.6.1/stm32cubeide/plugins/com.st.stm32cube.ide.mcu.externaltools.gnu-tools-for-stm32.10.3-2021.10.win32_1.0.0.202111181127/tools/bin/../lib/gcc/arm-none-eabi/10.3.1/../../../../arm-none-eabi/lib/thumb/v7e-m+fp/hard\libc_nano.a(lib_a-memset.o)
                              c:/st/stm32cubeide_1.6.1/stm32cubeide/plugins/com.st.stm32cube.ide.mcu.externaltools.gnu-tools-for-stm32.10.3-2021.10.win32_1.0.0.202111181127/tools/bin/../lib/gcc/arm-none-eabi/10.3.1/../../../../arm-none-eabi/lib/thumb/v7e-m+fp/hard/crt0.o (memset)
c:/st/stm32cubeide_1.6.1/stm32cubeide/plugins/com.st.stm32cube.ide.mcu.externaltools.gnu-tools-for-stm32.10.3-2021.10.win32_1.0.0.202111181127/tools/bin/../lib/gcc/arm-none-eabi/10.3.1/thumb/v7e-m+fp/hard\libgcc.a(_aeabi_uldivmod.o)
                              ./Drivers/STM32F7xx_HAL_Driver/Src/stm32f7xx_hal_rcc.o (__aeabi_uldivmod)
c:/st/stm32cubeide_1.6.1/stm32cubeide/plugins/com.st.stm32cube.ide.mcu.externaltools.gnu-tools-for-stm32.10.3-2021.10.win32_1.0.0.202111181127/tools/bin/../lib/gcc/arm-none-eabi/10.3.1/thumb/v7e-m+fp/hard\libgcc.a(_udivmoddi4.o)
                              c:/st/stm32cubeide_1.6.1/stm32cubeide/plugins/com.st.stm32cube.ide.mcu.externaltools.gnu-tools-for-stm32.10.3-2021.10.win32_1.0.0.202111181127/tools/bin/../lib/gcc/arm-none-eabi/10.3.1/thumb/v7e-m+fp/hard\libgcc.a(_aeabi_uldivmod.o) (__udivmoddi4)
c:/st/stm32cubeide_1.6.1/stm32cubeide/plugins/com.st.stm32cube.ide.mcu.externaltools.gnu-tools-for-stm32.10.3-2021.10.win32_1.0.0.202111181127/tools/bin/../lib/gcc/arm-none-eabi/10.3.1/thumb/v7e-m+fp/hard\libgcc.a(_dvmd_tls.o)
                              c:/st/stm32cubeide_1.6.1/stm32cubeide/plugins/com.st.stm32cube.ide.mcu.externaltools.gnu-tools-for-stm32.10.3-2021.10.win32_1.0.0.202111181127/tools/bin/../lib/gcc/arm-none-eabi/10.3.1/thumb/v7e-m+fp/hard\libgcc.a(_aeabi_uldivmod.o) (__aeabi_ldiv0)
c:/st/stm32cubeide_1.6.1/stm32cubeide/plugins/com.st.stm32cube.ide.mcu.externaltools.gnu-tools-for-stm32.10.3-2021.10.win32_1.0.0.202111181127/tools/bin/../lib/gcc/arm-none-eabi/10.3.1/../../../../arm-none-eabi/lib/thumb/v7e-m+fp/hard\libnosys.a(_exit.o)
                              c:/st/stm32cubeide_1.6.1/stm32cubeide/plugins/com.st.stm32cube.ide.mcu.externaltools.gnu-tools-for-stm32.10.3-2021.10.win32_1.0.0.202111181127/tools/bin/../lib/gcc/arm-none-eabi/10.3.1/../../../../arm-none-eabi/lib/thumb/v7e-m+fp/hard\libc_nano.a(lib_a-exit.o) (_exit)

Discarded input sections

 .text          0x0000000000000000        0x0 c:/st/stm32cubeide_1.6.1/stm32cubeide/plugins/com.st.stm32cube.ide.mcu.externaltools.gnu-tools-for-stm32.10.3-2021.10.win32_1.0.0.202111181127/tools/bin/../lib/gcc/arm-none-eabi/10.3.1/thumb/v7e-m+fp/hard/crti.o
[...]
Memory Configuration

Name             Origin             Length             Attributes
RAM              0x0000000020000000 0x0000000000050000 xrw
FLASH            0x0000000008000000 0x0000000000100000 xr
*default*        0x0000000000000000 0xffffffffffffffff

Linker script and memory map

LOAD c:/st/stm32cubeide_1.6.1/stm32cubeide/plugins/com.st.stm32cube.ide.mcu.externaltools.gnu-tools-for-stm32.10.3-2021.10.win32_1.0.0.202111181127/tools/bin/../lib/gcc/arm-none-eabi/10.3.1/thumb/v7e-m+fp/hard/crti.o
LOAD c:/st/stm32cubeide_1.6.1/stm32cubeide/plugins/com.st.stm32cube.ide.mcu.externaltools.gnu-tools-for-stm32.10.3-2021.10.win32_1.0.0.202111181127/tools/bin/../lib/gcc/arm-none-eabi/10.3.1/thumb/v7e-m+fp/hard/crtbegin.o
LOAD c:/st/stm32cubeide_1.6.1/stm32cubeide/plugins/com.st.stm32cube.ide.mcu.externaltools.gnu-tools-for-stm32.10.3-2021.10.win32_1.0.0.202111181127/tools/bin/../lib/gcc/arm-none-eabi/10.3.1/../../../../arm-none-eabi/lib/thumb/v7e-m+fp/hard/crt0.o
LOAD ./Core/Src/acm_GO422.o
LOAD ./Core/Src/freertos.o
LOAD ./Core/Src/main.o
LOAD ./Core/Src/stm32f7xx_hal_msp.o
LOAD ./Core/Src/stm32f7xx_hal_timebase_tim.o
LOAD ./Core/Src/stm32f7xx_it.o
LOAD ./Core/Src/system_stm32f7xx.o
LOAD ./Core/Startup/startup_stm32f756zgtx.o
LOAD ./Core/gophercan-lib/GopherCAN.o
LOAD ./Core/gophercan-lib/GopherCAN_ids.o
LOAD ./Core/gophercan-lib/GopherCAN_names.o
LOAD ./Core/gophercan-lib/GopherCAN_ring_buffer.o
LOAD ./Drivers/STM32F7xx_HAL_Driver/Src/stm32f7xx_hal.o
LOAD ./Drivers/STM32F7xx_HAL_Driver/Src/stm32f7xx_hal_adc.o
LOAD ./Drivers/STM32F7xx_HAL_Driver/Src/stm32f7xx_hal_adc_ex.o
LOAD ./Drivers/STM32F7xx_HAL_Driver/Src/stm32f7xx_hal_can.o
LOAD ./Drivers/STM32F7xx_HAL_Driver/Src/stm32f7xx_hal_cortex.o
LOAD ./Drivers/STM32F7xx_HAL_Driver/Src/stm32f7xx_hal_dma.o
LOAD ./Drivers/STM32F7xx_HAL_Driver/Src/stm32f7xx_hal_dma_ex.o
LOAD ./Drivers/STM32F7xx_HAL_Driver/Src/stm32f7xx_hal_exti.o
LOAD ./Drivers/STM32F7xx_HAL_Driver/Src/stm32f7xx_hal_flash.o
LOAD ./Drivers/STM32F7xx_HAL_Driver/Src/stm32f7xx_hal_flash_ex.o
LOAD ./Drivers/STM32F7xx_HAL_Driver/Src/stm32f7xx_hal_gpio.o
LOAD ./Drivers/STM32F7xx_HAL_Driver/Src/stm32f7xx_hal_i2c.o
LOAD ./Drivers/STM32F7xx_HAL_Driver/Src/stm32f7xx_hal_i2c_ex.o
LOAD ./Drivers/STM32F7xx_HAL_Driver/Src/stm32f7xx_hal_pwr.o
LOAD ./Drivers/STM32F7xx_HAL_Driver/Src/stm32f7xx_hal_pwr_ex.o
LOAD ./Drivers/STM32F7xx_HAL_Driver/Src/stm32f7xx_hal_rcc.o
LOAD ./Drivers/STM32F7xx_HAL_Driver/Src/stm32f7xx_hal_rcc_ex.o
LOAD ./Drivers/STM32F7xx_HAL_Driver/Src/stm32f7xx_hal_tim.o
LOAD ./Drivers/STM32F7xx_HAL_Driver/Src/stm32f7xx_hal_tim_ex.o
LOAD ./Middlewares/Third_Party/FreeRTOS/Source/CMSIS_RTOS/cmsis_os.o
LOAD ./Middlewares/Third_Party/FreeRTOS/Source/croutine.o
LOAD ./Middlewares/Third_Party/FreeRTOS/Source/event_groups.o
LOAD ./Middlewares/Third_Party/FreeRTOS/Source/list.o
LOAD ./Middlewares/Third_Party/FreeRTOS/Source/queue.o
LOAD ./Middlewares/Third_Party/FreeRTOS/Source/stream_buffer.o
LOAD ./Middlewares/Third_Party/FreeRTOS/Source/tasks.o
LOAD ./Middlewares/Third_Party/FreeRTOS/Source/timers.o
LOAD ./Middlewares/Third_Party/FreeRTOS/Source/portable/GCC/ARM_CM7/r0p1/port.o
LOAD ./Middlewares/Third_Party/FreeRTOS/Source/portable/MemMang/heap_4.o
START GROUP
LOAD c:/st/stm32cubeide_1.6.1/stm32cubeide/plugins/com.st.stm32cube.ide.mcu.externaltools.gnu-tools-for-stm32.10.3-2021.10.win32_1.0.0.202111181127/tools/bin/../lib/gcc/arm-none-eabi/10.3.1/../../../../arm-none-eabi/lib/thumb/v7e-m+fp/hard\libc_nano.a
LOAD c:/st/stm32cubeide_1.6.1/stm32cubeide/plugins/com.st.stm32cube.ide.mcu.externaltools.gnu-tools-for-stm32.10.3-2021.10.win32_1.0.0.202111181127/tools/bin/../lib/gcc/arm-none-eabi/10.3.1/../../../../arm-none-eabi/lib/thumb/v7e-m+fp/hard\libm.a
END GROUP
START GROUP
LOAD c:/st/stm32cubeide_1.6.1/stm32cubeide/plugins/com.st.stm32cube.ide.mcu.externaltools.gnu-tools-for-stm32.10.3-2021.10.win32_1.0.0.202111181127/tools/bin/../lib/gcc/arm-none-eabi/10.3.1/thumb/v7e-m+fp/hard\libgcc.a
LOAD c:/st/stm32cubeide_1.6.1/stm32cubeide/plugins/com.st.stm32cube.ide.mcu.externaltools.gnu-tools-for-stm32.10.3-2021.10.win32_1.0.0.202111181127/tools/bin/../lib/gcc/arm-none-eabi/10.3.1/../../../../arm-none-eabi/lib/thumb/v7e-m+fp/hard\libc_nano.a
END GROUP
START GROUP
LOAD c:/st/stm32cubeide_1.6.1/stm32cubeide/plugins/com.st.stm32cube.ide.mcu.externaltools.gnu-tools-for-stm32.10.3-2021.10.win32_1.0.0.202111181127/tools/bin/../lib/gcc/arm-none-eabi/10.3.1/thumb/v7e-m+fp/hard\libgcc.a
LOAD c:/st/stm32cubeide_1.6.1/stm32cubeide/plugins/com.st.stm32cube.ide.mcu.externaltools.gnu-tools-for-stm32.10.3-2021.10.win32_1.0.0.202111181127/tools/bin/../lib/gcc/arm-none-eabi/10.3.1/../../../../arm-none-eabi/lib/thumb/v7e-m+fp/hard\libc_nano.a
LOAD c:/st/stm32cubeide_1.6.1/stm32cubeide/plugins/com.st.stm32cube.ide.mcu.externaltools.gnu-tools-for-stm32.10.3-2021.10.win32_1.0.0.202111181127/tools/bin/../lib/gcc/arm-none-eabi/10.3.1/../../../../arm-none-eabi/lib/thumb/v7e-m+fp/hard\libnosys.a
END GROUP
START GROUP
LOAD c:/st/stm32cubeide_1.6.1/stm32cubeide/plugins/com.st.stm32cube.ide.mcu.externaltools.gnu-tools-for-stm32.10.3-2021.10.win32_1.0.0.202111181127/tools/bin/../lib/gcc/arm-none-eabi/10.3.1/thumb/v7e-m+fp/hard\libgcc.a
LOAD c:/st/stm32cubeide_1.6.1/stm32cubeide/plugins/com.st.stm32cube.ide.mcu.externaltools.gnu-tools-for-stm32.10.3-2021.10.win32_1.0.0.202111181127/tools/bin/../lib/gcc/arm-none-eabi/10.3.1/../../../../arm-none-eabi/lib/thumb/v7e-m+fp/hard\libc_nano.a
LOAD c:/st/stm32cubeide_1.6.1/stm32cubeide/plugins/com.st.stm32cube.ide.mcu.externaltools.gnu-tools-for-stm32.10.3-2021.10.win32_1.0.0.202111181127/tools/bin/../lib/gcc/arm-none-eabi/10.3.1/../../../../arm-none-eabi/lib/thumb/v7e-m+fp/hard\libnosys.a
END GROUP
LOAD c:/st/stm32cubeide_1.6.1/stm32cubeide/plugins/com.st.stm32cube.ide.mcu.externaltools.gnu-tools-for-stm32.10.3-2021.10.win32_1.0.0.202111181127/tools/bin/../lib/gcc/arm-none-eabi/10.3.1/thumb/v7e-m+fp/hard/crtend.o
LOAD c:/st/stm32cubeide_1.6.1/stm32cubeide/plugins/com.st.stm32cube.ide.mcu.externaltools.gnu-tools-for-stm32.10.3-2021.10.win32_1.0.0.202111181127/tools/bin/../lib/gcc/arm-none-eabi/10.3.1/thumb/v7e-m+fp/hard/crtn.o
                0x0000000020050000                _estack = (ORIGIN (RAM) + LENGTH (RAM))
                0x0000000000000200                _Min_Heap_Size = 0x200
                0x0000000000000400                _Min_Stack_Size = 0x400

.isr_vector     0x0000000008000000      0x1c8
                0x0000000008000000                . = ALIGN (0x4)
 *(.isr_vector)
 .isr_vector    0x0000000008000000      0x1c8 ./Core/Startup/startup_stm32f756zgtx.o
                0x0000000008000000                g_pfnVectors
                0x00000000080001c8                . = ALIGN (0x4)

.text           0x00000000080001d0     0x6f94
                0x00000000080001d0                . = ALIGN (0x4)
 *(.text)
 .text          0x00000000080001d0       0x40 c:/st/stm32cubeide_1.6.1/stm32cubeide/plugins/com.st.stm32cube.ide.mcu.externaltools.gnu-tools-for-stm32.10.3-2021.10.win32_1.0.0.202111181127/tools/bin/../lib/gcc/arm-none-eabi/10.3.1/thumb/v7e-m+fp/hard/crtbegin.o
 .text          0x0000000008000210       0x30 c:/st/stm32cubeide_1.6.1/stm32cubeide/plugins/com.st.stm32cube.ide.mcu.externaltools.gnu-tools-for-stm32.10.3-2021.10.win32_1.0.0.202111181127/tools/bin/../lib/gcc/arm-none-eabi/10.3.1/thumb/v7e-m+fp/hard\libgcc.a(_aeabi_uldivmod.o)
                0x0000000008000210                __aeabi_uldivmod
 .text          0x0000000008000240      0x2d0 c:/st/stm32cubeide_1.6.1/stm32cubeide/plugins/com.st.stm32cube.ide.mcu.externaltools.gnu-tools-for-stm32.10.3-2021.10.win32_1.0.0.202111181127/tools/bin/../lib/gcc/arm-none-eabi/10.3.1/thumb/v7e-m+fp/hard\libgcc.a(_udivmoddi4.o)
                0x0000000008000240                __udivmoddi4
 .text          0x0000000008000510        0x4 c:/st/stm32cubeide_1.6.1/stm32cubeide/plugins/com.st.stm32cube.ide.mcu.externaltools.gnu-tools-for-stm32.10.3-2021.10.win32_1.0.0.202111181127/tools/bin/../lib/gcc/arm-none-eabi/10.3.1/thumb/v7e-m+fp/hard\libgcc.a(_dvmd_tls.o)
                0x0000000008000510                __aeabi_idiv0
                0x0000000008000510                __aeabi_ldiv0
 *(.text*)
 .text.init     0x0000000008000514      0x114 ./Core/Src/acm_GO422.o
                0x0000000008000514                init
 .text.valid_data_channel
                0x0000000008000628       0x44 ./Core/Src/acm_GO422.o
                0x0000000008000628                valid_data_channel
 .text.calculate_rear_wing_angle
                0x000000000800066c       0xbe ./Core/Src/acm_GO422.o
                0x000000000800066c                calculate_rear_wing_angle
 .text.calculate_front_wing_angle
                0x000000000800072a       0xbe ./Core/Src/acm_GO422.o
                0x000000000800072a                calculate_front_wing_angle
 .text.determine_wing_angle
                0x00000000080007e8       0x48 ./Core/Src/acm_GO422.o
                0x00000000080007e8                determine_wing_angle
 .text.drs_button
                0x0000000008000830       0x3c ./Core/Src/acm_GO422.o
                0x0000000008000830                drs_button
 .text.aa_button
                0x000000000800086c       0x3c ./Core/Src/acm_GO422.o
                0x000000000800086c                aa_button
 .text.parameter_request
                0x00000000080008a8       0x30 ./Core/Src/acm_GO422.o
                0x00000000080008a8                parameter_request
 .text.PWM_generation
                0x00000000080008d8       0x2e ./Core/Src/acm_GO422.o
                0x00000000080008d8                PWM_generation
 *fill*         0x0000000008000906        0x2 
 .text.vApplicationGetIdleTaskMemory
                0x0000000008000908       0x34 ./Core/Src/freertos.o
                0x0000000008000908                vApplicationGetIdleTaskMemory
 .text.main     0x000000000800093c       0x84 ./Core/Src/main.o
                0x000000000800093c                main
 .text.SystemClock_Config
                0x00000000080009c0       0xd8 ./Core/Src/main.o
                0x00000000080009c0                SystemClock_Config
 .text.MX_ADC1_Init
                0x0000000008000a98       0xa4 ./Core/Src/main.o
 .text.MX_ADC3_Init
                0x0000000008000b3c       0xa4 ./Core/Src/main.o
 .text.MX_CAN1_Init
                0x0000000008000be0       0x6c ./Core/Src/main.o
 .text.MX_TIM2_Init
                0x0000000008000c4c      0x118 ./Core/Src/main.o
 .text.MX_TIM8_Init
                0x0000000008000d64      0x158 ./Core/Src/main.o
 .text.MX_GPIO_Init
                0x0000000008000ebc      0x134 ./Core/Src/main.o
 .text.task_main_loop
                0x0000000008000ff0      0x1b4 ./Core/Src/main.o
                0x0000000008000ff0                task_main_loop
 .text.task_gcan_hw
                0x00000000080011a4       0x10 ./Core/Src/main.o
                0x00000000080011a4                task_gcan_hw
 .text.HAL_TIM_PeriodElapsedCallback
                0x00000000080011b4       0x24 ./Core/Src/main.o
                0x00000000080011b4                HAL_TIM_PeriodElapsedCallback
 .text.Error_Handler
                0x00000000080011d8        0xa ./Core/Src/main.o
                0x00000000080011d8                Error_Handler
 *fill*         0x00000000080011e2        0x2 
 .text.HAL_MspInit
                0x00000000080011e4       0x50 ./Core/Src/stm32f7xx_hal_msp.o
                0x00000000080011e4                HAL_MspInit
 .text.HAL_ADC_MspInit
                0x0000000008001234      0x144 ./Core/Src/stm32f7xx_hal_msp.o
                0x0000000008001234                HAL_ADC_MspInit
 .text.HAL_CAN_MspInit
                0x0000000008001378       0xb8 ./Core/Src/stm32f7xx_hal_msp.o
                0x0000000008001378                HAL_CAN_MspInit
 .text.HAL_TIM_Base_MspInit
                0x0000000008001430       0x64 ./Core/Src/stm32f7xx_hal_msp.o
                0x0000000008001430                HAL_TIM_Base_MspInit
 .text.HAL_TIM_MspPostInit
                0x0000000008001494       0xb8 ./Core/Src/stm32f7xx_hal_msp.o
                0x0000000008001494                HAL_TIM_MspPostInit
 .text.HAL_InitTick
                0x000000000800154c       0xb0 ./Core/Src/stm32f7xx_hal_timebase_tim.o
                0x000000000800154c                HAL_InitTick
 .text.NMI_Handler
                0x00000000080015fc        0x6 ./Core/Src/stm32f7xx_it.o
                0x00000000080015fc                NMI_Handler
 .text.HardFault_Handler
                0x0000000008001602        0x6 ./Core/Src/stm32f7xx_it.o
                0x0000000008001602                HardFault_Handler
 .text.MemManage_Handler
                0x0000000008001608        0x6 ./Core/Src/stm32f7xx_it.o
                0x0000000008001608                MemManage_Handler
 .text.BusFault_Handler
                0x000000000800160e        0x6 ./Core/Src/stm32f7xx_it.o
                0x000000000800160e                BusFault_Handler
 .text.UsageFault_Handler
                0x0000000008001614        0x6 ./Core/Src/stm32f7xx_it.o
                0x0000000008001614                UsageFault_Handler
 .text.DebugMon_Handler
                0x000000000800161a        0xe ./Core/Src/stm32f7xx_it.o
                0x000000000800161a                DebugMon_Handler
 .text.CAN1_TX_IRQHandler
                0x0000000008001628       0x14 ./Core/Src/stm32f7xx_it.o
                0x0000000008001628                CAN1_TX_IRQHandler
 .text.CAN1_RX0_IRQHandler
                0x000000000800163c       0x14 ./Core/Src/stm32f7xx_it.o
                0x000000000800163c                CAN1_RX0_IRQHandler
 .text.CAN1_RX1_IRQHandler
                0x0000000008001650       0x14 ./Core/Src/stm32f7xx_it.o
                0x0000000008001650                CAN1_RX1_IRQHandler
 .text.TIM6_DAC_IRQHandler
                0x0000000008001664       0x14 ./Core/Src/stm32f7xx_it.o
                0x0000000008001664                TIM6_DAC_IRQHandler
 .text.SystemInit
                0x0000000008001678       0x24 ./Core/Src/system_stm32f7xx.o
                0x0000000008001678                SystemInit
 .text.Reset_Handler
                0x000000000800169c       0x50 ./Core/Startup/startup_stm32f756zgtx.o
                0x000000000800169c                Reset_Handler
 .text.Default_Handler
                0x00000000080016ec        0x2 ./Core/Startup/startup_stm32f756zgtx.o
                0x00000000080016ec                RTC_Alarm_IRQHandler
                0x00000000080016ec                HASH_RNG_IRQHandler
                0x00000000080016ec                EXTI2_IRQHandler
                0x00000000080016ec                TIM8_CC_IRQHandler
                0x00000000080016ec                UART8_IRQHandler
                0x00000000080016ec                SPI4_IRQHandler
                0x00000000080016ec                TIM1_CC_IRQHandler
                0x00000000080016ec                DMA2_Stream5_IRQHandler
                0x00000000080016ec                DMA1_Stream5_IRQHandler
                0x00000000080016ec                PVD_IRQHandler
                0x00000000080016ec                TAMP_STAMP_IRQHandler
                0x00000000080016ec                CAN2_RX1_IRQHandler
                0x00000000080016ec                EXTI3_IRQHandler
                0x00000000080016ec                TIM8_TRG_COM_TIM14_IRQHandler
                0x00000000080016ec                TIM1_UP_TIM10_IRQHandler
                0x00000000080016ec                TIM8_UP_TIM13_IRQHandler
                0x00000000080016ec                I2C3_ER_IRQHandler
                0x00000000080016ec                EXTI0_IRQHandler
                0x00000000080016ec                I2C2_EV_IRQHandler
                0x00000000080016ec                DMA1_Stream2_IRQHandler
                0x00000000080016ec                FPU_IRQHandler
                0x00000000080016ec                OTG_HS_WKUP_IRQHandler
                0x00000000080016ec                LTDC_ER_IRQHandler
                0x00000000080016ec                CAN2_SCE_IRQHandler
                0x00000000080016ec                DMA2_Stream2_IRQHandler
                0x00000000080016ec                SPI1_IRQHandler
                0x00000000080016ec                TIM1_BRK_TIM9_IRQHandler
                0x00000000080016ec                DCMI_IRQHandler
                0x00000000080016ec                CAN2_RX0_IRQHandler
                0x00000000080016ec                DMA2_Stream3_IRQHandler
                0x00000000080016ec                SAI2_IRQHandler
                0x00000000080016ec                USART6_IRQHandler
                0x00000000080016ec                USART3_IRQHandler
                0x00000000080016ec                CRYP_IRQHandler
                0x00000000080016ec                UART5_IRQHandler
                0x00000000080016ec                DMA2_Stream0_IRQHandler
                0x00000000080016ec                TIM4_IRQHandler
                0x00000000080016ec                QUADSPI_IRQHandler
                0x00000000080016ec                I2C1_EV_IRQHandler
                0x00000000080016ec                DMA1_Stream6_IRQHandler
                0x00000000080016ec                DMA1_Stream1_IRQHandler
                0x00000000080016ec                UART4_IRQHandler
                0x00000000080016ec                TIM3_IRQHandler
                0x00000000080016ec                RCC_IRQHandler
                0x00000000080016ec                TIM8_BRK_TIM12_IRQHandler
                0x00000000080016ec                Default_Handler
                0x00000000080016ec                CEC_IRQHandler
                0x00000000080016ec                EXTI15_10_IRQHandler
                0x00000000080016ec                ADC_IRQHandler
                0x00000000080016ec                DMA1_Stream7_IRQHandler
                0x00000000080016ec                SPI5_IRQHandler
                0x00000000080016ec                TIM7_IRQHandler
                0x00000000080016ec                SDMMC1_IRQHandler
                0x00000000080016ec                CAN2_TX_IRQHandler
                0x00000000080016ec                TIM5_IRQHandler
                0x00000000080016ec                DMA2_Stream7_IRQHandler
                0x00000000080016ec                I2C3_EV_IRQHandler
                0x00000000080016ec                EXTI9_5_IRQHandler
                0x00000000080016ec                RTC_WKUP_IRQHandler
                0x00000000080016ec                LTDC_IRQHandler
                0x00000000080016ec                ETH_WKUP_IRQHandler
                0x00000000080016ec                SPDIF_RX_IRQHandler
                0x00000000080016ec                SPI2_IRQHandler
                0x00000000080016ec                OTG_HS_EP1_IN_IRQHandler
                0x00000000080016ec                DMA1_Stream0_IRQHandler
                0x00000000080016ec                EXTI4_IRQHandler
                0x00000000080016ec                ETH_IRQHandler
                0x00000000080016ec                OTG_HS_EP1_OUT_IRQHandler
                0x00000000080016ec                WWDG_IRQHandler
                0x00000000080016ec                SPI6_IRQHandler
                0x00000000080016ec                I2C4_EV_IRQHandler
                0x00000000080016ec                TIM2_IRQHandler
                0x00000000080016ec                OTG_FS_WKUP_IRQHandler
                0x00000000080016ec                TIM1_TRG_COM_TIM11_IRQHandler
                0x00000000080016ec                OTG_HS_IRQHandler
                0x00000000080016ec                DMA2D_IRQHandler
                0x00000000080016ec                EXTI1_IRQHandler
                0x00000000080016ec                UART7_IRQHandler
                0x00000000080016ec                USART2_IRQHandler
                0x00000000080016ec                I2C2_ER_IRQHandler
                0x00000000080016ec                DMA2_Stream1_IRQHandler
                0x00000000080016ec                CAN1_SCE_IRQHandler
                0x00000000080016ec                FLASH_IRQHandler
                0x00000000080016ec                DMA2_Stream4_IRQHandler
                0x00000000080016ec                USART1_IRQHandler
                0x00000000080016ec                OTG_FS_IRQHandler
                0x00000000080016ec                SPI3_IRQHandler
                0x00000000080016ec                DMA1_Stream4_IRQHandler
                0x00000000080016ec                I2C1_ER_IRQHandler
                0x00000000080016ec                FMC_IRQHandler
                0x00000000080016ec                LPTIM1_IRQHandler
                0x00000000080016ec                I2C4_ER_IRQHandler
                0x00000000080016ec                DMA2_Stream6_IRQHandler
                0x00000000080016ec                SAI1_IRQHandler
                0x00000000080016ec                DMA1_Stream3_IRQHandler
 *fill*         0x00000000080016ee        0x2 
 .text.init_can
                0x00000000080016f0      0x104 ./Core/gophercan-lib/GopherCAN.o
                0x00000000080016f0                init_can
 .text.init_all_params
                0x00000000080017f4       0x58 ./Core/gophercan-lib/GopherCAN.o
 .text.set_all_params_state
                0x000000000800184c       0x3c ./Core/gophercan-lib/GopherCAN.o
                0x000000000800184c                set_all_params_state
 .text.init_filters
                0x0000000008001888      0x110 ./Core/gophercan-lib/GopherCAN.o
 .text.HAL_CAN_RxFifo0MsgPendingCallback
                0x0000000008001998       0x18 ./Core/gophercan-lib/GopherCAN.o
                0x0000000008001998                HAL_CAN_RxFifo0MsgPendingCallback
 .text.HAL_CAN_RxFifo1MsgPendingCallback
                0x00000000080019b0       0x18 ./Core/gophercan-lib/GopherCAN.o
                0x00000000080019b0                HAL_CAN_RxFifo1MsgPendingCallback
 .text.request_parameter
                0x00000000080019c8       0x88 ./Core/gophercan-lib/GopherCAN.o
                0x00000000080019c8                request_parameter
 .text.send_parameter
                0x0000000008001a50      0x280 ./Core/gophercan-lib/GopherCAN.o
                0x0000000008001a50                send_parameter
 .text.service_can_tx_hardware
                0x0000000008001cd0       0xa4 ./Core/gophercan-lib/GopherCAN.o
                0x0000000008001cd0                service_can_tx_hardware
 .text.service_can_rx_hardware
                0x0000000008001d74       0xa4 ./Core/gophercan-lib/GopherCAN.o
                0x0000000008001d74                service_can_rx_hardware
 .text.service_can_rx_buffer
                0x0000000008001e18       0x48 ./Core/gophercan-lib/GopherCAN.o
                0x0000000008001e18                service_can_rx_buffer
 .text.tx_can_message
                0x0000000008001e60       0x5c ./Core/gophercan-lib/GopherCAN.o
 .text.service_can_rx_message
                0x0000000008001ebc      0x20c ./Core/gophercan-lib/GopherCAN.o
 .text.parameter_requested
                0x00000000080020c8       0x5c ./Core/gophercan-lib/GopherCAN.o
 .text.run_can_command
                0x0000000008002124       0xb4 ./Core/gophercan-lib/GopherCAN.o
 .text.build_message_id
                0x00000000080021d8       0xc0 ./Core/gophercan-lib/GopherCAN.o
 .text.get_message_id
                0x0000000008002298       0x6e ./Core/gophercan-lib/GopherCAN.o
 *fill*         0x0000000008002306        0x2 
 .text.send_error_message
                0x0000000008002308       0x5c ./Core/gophercan-lib/GopherCAN.o
 .text.HAL_CAN_TxMailbox0CompleteCallback
                0x0000000008002364       0x16 ./Core/gophercan-lib/GopherCAN.o
                0x0000000008002364                HAL_CAN_TxMailbox0CompleteCallback
 .text.HAL_CAN_TxMailbox1CompleteCallback
                0x000000000800237a       0x16 ./Core/gophercan-lib/GopherCAN.o
                0x000000000800237a                HAL_CAN_TxMailbox1CompleteCallback
 .text.HAL_CAN_TxMailbox2CompleteCallback
                0x0000000008002390       0x16 ./Core/gophercan-lib/GopherCAN.o
                0x0000000008002390                HAL_CAN_TxMailbox2CompleteCallback
 .text.HAL_CAN_TxMailbox0AbortCallback
                0x00000000080023a6       0x16 ./Core/gophercan-lib/GopherCAN.o
                0x00000000080023a6                HAL_CAN_TxMailbox0AbortCallback
 .text.HAL_CAN_TxMailbox1AbortCallback
                0x00000000080023bc       0x16 ./Core/gophercan-lib/GopherCAN.o
                0x00000000080023bc                HAL_CAN_TxMailbox1AbortCallback
 .text.HAL_CAN_TxMailbox2AbortCallback
                0x00000000080023d2       0x16 ./Core/gophercan-lib/GopherCAN.o
                0x00000000080023d2                HAL_CAN_TxMailbox2AbortCallback
 .text.do_nothing
                0x00000000080023e8       0x24 ./Core/gophercan-lib/GopherCAN.o
                0x00000000080023e8                do_nothing
 .text.init_buffer
                0x000000000800240c       0x32 ./Core/gophercan-lib/GopherCAN_ring_buffer.o
                0x000000000800240c                init_buffer
 .text.remove_from_front
                0x000000000800243e       0x44 ./Core/gophercan-lib/GopherCAN_ring_buffer.o
                0x000000000800243e                remove_from_front
 .text.add_message_by_highest_prio
                0x0000000008002482       0xe8 ./Core/gophercan-lib/GopherCAN_ring_buffer.o
                0x0000000008002482                add_message_by_highest_prio
 .text.copy_message
                0x000000000800256a       0x58 ./Core/gophercan-lib/GopherCAN_ring_buffer.o
 *fill*         0x00000000080025c2        0x2 
 .text.HAL_Init
                0x00000000080025c4       0x2c ./Drivers/STM32F7xx_HAL_Driver/Src/stm32f7xx_hal.o
                0x00000000080025c4                HAL_Init
 .text.HAL_IncTick
                0x00000000080025f0       0x28 ./Drivers/STM32F7xx_HAL_Driver/Src/stm32f7xx_hal.o
                0x00000000080025f0                HAL_IncTick
 .text.HAL_GetTick
                0x0000000008002618       0x18 ./Drivers/STM32F7xx_HAL_Driver/Src/stm32f7xx_hal.o
                0x0000000008002618                HAL_GetTick
 .text.HAL_SetTickFreq
                0x0000000008002630       0x50 ./Drivers/STM32F7xx_HAL_Driver/Src/stm32f7xx_hal.o
                0x0000000008002630                HAL_SetTickFreq
 .text.HAL_ADC_Init
                0x0000000008002680       0x88 ./Drivers/STM32F7xx_HAL_Driver/Src/stm32f7xx_hal_adc.o
                0x0000000008002680                HAL_ADC_Init
 .text.HAL_ADC_ConfigChannel
                0x0000000008002708      0x294 ./Drivers/STM32F7xx_HAL_Driver/Src/stm32f7xx_hal_adc.o
                0x0000000008002708                HAL_ADC_ConfigChannel
 .text.ADC_Init
                0x000000000800299c      0x1f4 ./Drivers/STM32F7xx_HAL_Driver/Src/stm32f7xx_hal_adc.o
 .text.HAL_CAN_Init
                0x0000000008002b90      0x1f6 ./Drivers/STM32F7xx_HAL_Driver/Src/stm32f7xx_hal_can.o
                0x0000000008002b90                HAL_CAN_Init
 *fill*         0x0000000008002d86        0x2 
 .text.HAL_CAN_ConfigFilter
                0x0000000008002d88      0x1c0 ./Drivers/STM32F7xx_HAL_Driver/Src/stm32f7xx_hal_can.o
                0x0000000008002d88                HAL_CAN_ConfigFilter
 .text.HAL_CAN_Start
                0x0000000008002f48       0x88 ./Drivers/STM32F7xx_HAL_Driver/Src/stm32f7xx_hal_can.o
                0x0000000008002f48                HAL_CAN_Start
 .text.HAL_CAN_AddTxMessage
                0x0000000008002fd0      0x1b6 ./Drivers/STM32F7xx_HAL_Driver/Src/stm32f7xx_hal_can.o
                0x0000000008002fd0                HAL_CAN_AddTxMessage
 .text.HAL_CAN_GetTxMailboxesFreeLevel
                0x0000000008003186       0x6a ./Drivers/STM32F7xx_HAL_Driver/Src/stm32f7xx_hal_can.o
                0x0000000008003186                HAL_CAN_GetTxMailboxesFreeLevel
 .text.HAL_CAN_GetRxMessage
                0x00000000080031f0      0x224 ./Drivers/STM32F7xx_HAL_Driver/Src/stm32f7xx_hal_can.o
                0x00000000080031f0                HAL_CAN_GetRxMessage
 .text.HAL_CAN_GetRxFifoFillLevel
                0x0000000008003414       0x50 ./Drivers/STM32F7xx_HAL_Driver/Src/stm32f7xx_hal_can.o
                0x0000000008003414                HAL_CAN_GetRxFifoFillLevel
 .text.HAL_CAN_ActivateNotification
                0x0000000008003464       0x4c ./Drivers/STM32F7xx_HAL_Driver/Src/stm32f7xx_hal_can.o
                0x0000000008003464                HAL_CAN_ActivateNotification
 .text.HAL_CAN_DeactivateNotification
                0x00000000080034b0       0x4e ./Drivers/STM32F7xx_HAL_Driver/Src/stm32f7xx_hal_can.o
                0x00000000080034b0                HAL_CAN_DeactivateNotification
 .text.HAL_CAN_IRQHandler
                0x00000000080034fe      0x36e ./Drivers/STM32F7xx_HAL_Driver/Src/stm32f7xx_hal_can.o
                0x00000000080034fe                HAL_CAN_IRQHandler
 .text.HAL_CAN_RxFifo0FullCallback
                0x000000000800386c       0x14 ./Drivers/STM32F7xx_HAL_Driver/Src/stm32f7xx_hal_can.o
                0x000000000800386c                HAL_CAN_RxFifo0FullCallback
 .text.HAL_CAN_RxFifo1FullCallback
                0x0000000008003880       0x14 ./Drivers/STM32F7xx_HAL_Driver/Src/stm32f7xx_hal_can.o
                0x0000000008003880                HAL_CAN_RxFifo1FullCallback
 .text.HAL_CAN_SleepCallback
                0x0000000008003894       0x14 ./Drivers/STM32F7xx_HAL_Driver/Src/stm32f7xx_hal_can.o
                0x0000000008003894                HAL_CAN_SleepCallback
 .text.HAL_CAN_WakeUpFromRxMsgCallback
                0x00000000080038a8       0x14 ./Drivers/STM32F7xx_HAL_Driver/Src/stm32f7xx_hal_can.o
                0x00000000080038a8                HAL_CAN_WakeUpFromRxMsgCallback
 .text.HAL_CAN_ErrorCallback
                0x00000000080038bc       0x14 ./Drivers/STM32F7xx_HAL_Driver/Src/stm32f7xx_hal_can.o
                0x00000000080038bc                HAL_CAN_ErrorCallback
 .text.__NVIC_SetPriorityGrouping
                0x00000000080038d0       0x48 ./Drivers/STM32F7xx_HAL_Driver/Src/stm32f7xx_hal_cortex.o
 .text.__NVIC_GetPriorityGrouping
                0x0000000008003918       0x1c ./Drivers/STM32F7xx_HAL_Driver/Src/stm32f7xx_hal_cortex.o
 .text.__NVIC_EnableIRQ
                0x0000000008003934       0x3c ./Drivers/STM32F7xx_HAL_Driver/Src/stm32f7xx_hal_cortex.o
 .text.__NVIC_SetPriority
                0x0000000008003970       0x54 ./Drivers/STM32F7xx_HAL_Driver/Src/stm32f7xx_hal_cortex.o
 .text.NVIC_EncodePriority
                0x00000000080039c4       0x66 ./Drivers/STM32F7xx_HAL_Driver/Src/stm32f7xx_hal_cortex.o
 .text.HAL_NVIC_SetPriorityGrouping
                0x0000000008003a2a       0x16 ./Drivers/STM32F7xx_HAL_Driver/Src/stm32f7xx_hal_cortex.o
                0x0000000008003a2a                HAL_NVIC_SetPriorityGrouping
 .text.HAL_NVIC_SetPriority
                0x0000000008003a40       0x38 ./Drivers/STM32F7xx_HAL_Driver/Src/stm32f7xx_hal_cortex.o
                0x0000000008003a40                HAL_NVIC_SetPriority
 .text.HAL_NVIC_EnableIRQ
                0x0000000008003a78       0x1c ./Drivers/STM32F7xx_HAL_Driver/Src/stm32f7xx_hal_cortex.o
                0x0000000008003a78                HAL_NVIC_EnableIRQ
 .text.HAL_GPIO_Init
                0x0000000008003a94      0x358 ./Drivers/STM32F7xx_HAL_Driver/Src/stm32f7xx_hal_gpio.o
                0x0000000008003a94                HAL_GPIO_Init
 .text.HAL_GPIO_WritePin
                0x0000000008003dec       0x32 ./Drivers/STM32F7xx_HAL_Driver/Src/stm32f7xx_hal_gpio.o
                0x0000000008003dec                HAL_GPIO_WritePin
 *fill*         0x0000000008003e1e        0x2 
 .text.HAL_PWREx_EnableOverDrive
                0x0000000008003e20       0xa0 ./Drivers/STM32F7xx_HAL_Driver/Src/stm32f7xx_hal_pwr_ex.o
                0x0000000008003e20                HAL_PWREx_EnableOverDrive
 .text.HAL_RCC_OscConfig
                0x0000000008003ec0      0x548 ./Drivers/STM32F7xx_HAL_Driver/Src/stm32f7xx_hal_rcc.o
                0x0000000008003ec0                HAL_RCC_OscConfig
 .text.HAL_RCC_ClockConfig
                0x0000000008004408      0x1d8 ./Drivers/STM32F7xx_HAL_Driver/Src/stm32f7xx_hal_rcc.o
                0x0000000008004408                HAL_RCC_ClockConfig
 .text.HAL_RCC_GetSysClockFreq
                0x00000000080045e0      0x18c ./Drivers/STM32F7xx_HAL_Driver/Src/stm32f7xx_hal_rcc.o
                0x00000000080045e0                HAL_RCC_GetSysClockFreq
 .text.HAL_RCC_GetHCLKFreq
                0x000000000800476c       0x18 ./Drivers/STM32F7xx_HAL_Driver/Src/stm32f7xx_hal_rcc.o
                0x000000000800476c                HAL_RCC_GetHCLKFreq
 .text.HAL_RCC_GetPCLK1Freq
                0x0000000008004784       0x28 ./Drivers/STM32F7xx_HAL_Driver/Src/stm32f7xx_hal_rcc.o
                0x0000000008004784                HAL_RCC_GetPCLK1Freq
 .text.HAL_RCC_GetClockConfig
                0x00000000080047ac       0x64 ./Drivers/STM32F7xx_HAL_Driver/Src/stm32f7xx_hal_rcc.o
                0x00000000080047ac                HAL_RCC_GetClockConfig
 .text.HAL_TIM_Base_Init
                0x0000000008004810       0xae ./Drivers/STM32F7xx_HAL_Driver/Src/stm32f7xx_hal_tim.o
                0x0000000008004810                HAL_TIM_Base_Init
 *fill*         0x00000000080048be        0x2 
 .text.HAL_TIM_Base_Start_IT
                0x00000000080048c0       0xf0 ./Drivers/STM32F7xx_HAL_Driver/Src/stm32f7xx_hal_tim.o
                0x00000000080048c0                HAL_TIM_Base_Start_IT
 .text.HAL_TIM_PWM_Init
                0x00000000080049b0       0xae ./Drivers/STM32F7xx_HAL_Driver/Src/stm32f7xx_hal_tim.o
                0x00000000080049b0                HAL_TIM_PWM_Init
 .text.HAL_TIM_PWM_MspInit
                0x0000000008004a5e       0x14 ./Drivers/STM32F7xx_HAL_Driver/Src/stm32f7xx_hal_tim.o
                0x0000000008004a5e                HAL_TIM_PWM_MspInit
 *fill*         0x0000000008004a72        0x2 
 .text.HAL_TIM_PWM_Start
                0x0000000008004a74      0x1f4 ./Drivers/STM32F7xx_HAL_Driver/Src/stm32f7xx_hal_tim.o
                0x0000000008004a74                HAL_TIM_PWM_Start
 .text.HAL_TIM_IRQHandler
                0x0000000008004c68      0x23e ./Drivers/STM32F7xx_HAL_Driver/Src/stm32f7xx_hal_tim.o
                0x0000000008004c68                HAL_TIM_IRQHandler
 *fill*         0x0000000008004ea6        0x2 
 .text.HAL_TIM_PWM_ConfigChannel
                0x0000000008004ea8      0x220 ./Drivers/STM32F7xx_HAL_Driver/Src/stm32f7xx_hal_tim.o
                0x0000000008004ea8                HAL_TIM_PWM_ConfigChannel
 .text.HAL_TIM_ConfigClockSource
                0x00000000080050c8      0x18c ./Drivers/STM32F7xx_HAL_Driver/Src/stm32f7xx_hal_tim.o
                0x00000000080050c8                HAL_TIM_ConfigClockSource
 .text.HAL_TIM_OC_DelayElapsedCallback
                0x0000000008005254       0x14 ./Drivers/STM32F7xx_HAL_Driver/Src/stm32f7xx_hal_tim.o
                0x0000000008005254                HAL_TIM_OC_DelayElapsedCallback
 .text.HAL_TIM_IC_CaptureCallback
                0x0000000008005268       0x14 ./Drivers/STM32F7xx_HAL_Driver/Src/stm32f7xx_hal_tim.o
                0x0000000008005268                HAL_TIM_IC_CaptureCallback
 .text.HAL_TIM_PWM_PulseFinishedCallback
                0x000000000800527c       0x14 ./Drivers/STM32F7xx_HAL_Driver/Src/stm32f7xx_hal_tim.o
                0x000000000800527c                HAL_TIM_PWM_PulseFinishedCallback
 .text.HAL_TIM_TriggerCallback
                0x0000000008005290       0x14 ./Drivers/STM32F7xx_HAL_Driver/Src/stm32f7xx_hal_tim.o
                0x0000000008005290                HAL_TIM_TriggerCallback
 .text.TIM_Base_SetConfig
                0x00000000080052a4      0x140 ./Drivers/STM32F7xx_HAL_Driver/Src/stm32f7xx_hal_tim.o
                0x00000000080052a4                TIM_Base_SetConfig
 .text.TIM_OC1_SetConfig
                0x00000000080053e4       0xe4 ./Drivers/STM32F7xx_HAL_Driver/Src/stm32f7xx_hal_tim.o
 .text.TIM_OC2_SetConfig
                0x00000000080054c8       0xf0 ./Drivers/STM32F7xx_HAL_Driver/Src/stm32f7xx_hal_tim.o
                0x00000000080054c8                TIM_OC2_SetConfig
 .text.TIM_OC3_SetConfig
                0x00000000080055b8       0xec ./Drivers/STM32F7xx_HAL_Driver/Src/stm32f7xx_hal_tim.o
 .text.TIM_OC4_SetConfig
                0x00000000080056a4       0xb0 ./Drivers/STM32F7xx_HAL_Driver/Src/stm32f7xx_hal_tim.o
 .text.TIM_OC5_SetConfig
                0x0000000008005754       0xa4 ./Drivers/STM32F7xx_HAL_Driver/Src/stm32f7xx_hal_tim.o
 .text.TIM_OC6_SetConfig
                0x00000000080057f8       0xa8 ./Drivers/STM32F7xx_HAL_Driver/Src/stm32f7xx_hal_tim.o
 .text.TIM_TI1_ConfigInputStage
                0x00000000080058a0       0x5e ./Drivers/STM32F7xx_HAL_Driver/Src/stm32f7xx_hal_tim.o
 .text.TIM_TI2_ConfigInputStage
                0x00000000080058fe       0x60 ./Drivers/STM32F7xx_HAL_Driver/Src/stm32f7xx_hal_tim.o
 .text.TIM_ITRx_SetConfig
                0x000000000800595e       0x36 ./Drivers/STM32F7xx_HAL_Driver/Src/stm32f7xx_hal_tim.o
 .text.TIM_ETR_SetConfig
                0x0000000008005994       0x40 ./Drivers/STM32F7xx_HAL_Driver/Src/stm32f7xx_hal_tim.o
                0x0000000008005994                TIM_ETR_SetConfig
 .text.TIM_CCxChannelCmd
                0x00000000080059d4       0x4a ./Drivers/STM32F7xx_HAL_Driver/Src/stm32f7xx_hal_tim.o
                0x00000000080059d4                TIM_CCxChannelCmd
 *fill*         0x0000000008005a1e        0x2 
 .text.HAL_TIMEx_MasterConfigSynchronization
                0x0000000008005a20      0x11c ./Drivers/STM32F7xx_HAL_Driver/Src/stm32f7xx_hal_tim_ex.o
                0x0000000008005a20                HAL_TIMEx_MasterConfigSynchronization
 .text.HAL_TIMEx_ConfigBreakDeadTime
                0x0000000008005b3c       0xfc ./Drivers/STM32F7xx_HAL_Driver/Src/stm32f7xx_hal_tim_ex.o
                0x0000000008005b3c                HAL_TIMEx_ConfigBreakDeadTime
 .text.HAL_TIMEx_CommutCallback
                0x0000000008005c38       0x14 ./Drivers/STM32F7xx_HAL_Driver/Src/stm32f7xx_hal_tim_ex.o
                0x0000000008005c38                HAL_TIMEx_CommutCallback
 .text.HAL_TIMEx_BreakCallback
                0x0000000008005c4c       0x14 ./Drivers/STM32F7xx_HAL_Driver/Src/stm32f7xx_hal_tim_ex.o
                0x0000000008005c4c                HAL_TIMEx_BreakCallback
 .text.HAL_TIMEx_Break2Callback
                0x0000000008005c60       0x14 ./Drivers/STM32F7xx_HAL_Driver/Src/stm32f7xx_hal_tim_ex.o
                0x0000000008005c60                HAL_TIMEx_Break2Callback
 .text.makeFreeRtosPriority
                0x0000000008005c74       0x30 ./Middlewares/Third_Party/FreeRTOS/Source/CMSIS_RTOS/cmsis_os.o
 .text.osKernelStart
                0x0000000008005ca4        0xe ./Middlewares/Third_Party/FreeRTOS/Source/CMSIS_RTOS/cmsis_os.o
                0x0000000008005ca4                osKernelStart
 .text.osThreadCreate
                0x0000000008005cb2       0x98 ./Middlewares/Third_Party/FreeRTOS/Source/CMSIS_RTOS/cmsis_os.o
                0x0000000008005cb2                osThreadCreate
 .text.osDelay  0x0000000008005d4a       0x28 ./Middlewares/Third_Party/FreeRTOS/Source/CMSIS_RTOS/cmsis_os.o
                0x0000000008005d4a                osDelay
 .text.vListInitialise
                0x0000000008005d72       0x40 ./Middlewares/Third_Party/FreeRTOS/Source/list.o
                0x0000000008005d72                vListInitialise
 .text.vListInitialiseItem
                0x0000000008005db2       0x1a ./Middlewares/Third_Party/FreeRTOS/Source/list.o
                0x0000000008005db2                vListInitialiseItem
 .text.vListInsertEnd
                0x0000000008005dcc       0x48 ./Middlewares/Third_Party/FreeRTOS/Source/list.o
                0x0000000008005dcc                vListInsertEnd
 .text.vListInsert
                0x0000000008005e14       0x72 ./Middlewares/Third_Party/FreeRTOS/Source/list.o
                0x0000000008005e14                vListInsert
 .text.uxListRemove
                0x0000000008005e86       0x54 ./Middlewares/Third_Party/FreeRTOS/Source/list.o
                0x0000000008005e86                uxListRemove
 .text.xTaskCreateStatic
                0x0000000008005eda       0xc6 ./Middlewares/Third_Party/FreeRTOS/Source/tasks.o
                0x0000000008005eda                xTaskCreateStatic
 .text.xTaskCreate
                0x0000000008005fa0       0x8a ./Middlewares/Third_Party/FreeRTOS/Source/tasks.o
                0x0000000008005fa0                xTaskCreate
 .text.prvInitialiseNewTask
                0x000000000800602a      0x112 ./Middlewares/Third_Party/FreeRTOS/Source/tasks.o
 .text.prvAddNewTaskToReadyList
                0x000000000800613c       0xd4 ./Middlewares/Third_Party/FreeRTOS/Source/tasks.o
 .text.vTaskDelay
                0x0000000008006210       0x6c ./Middlewares/Third_Party/FreeRTOS/Source/tasks.o
                0x0000000008006210                vTaskDelay
 .text.vTaskStartScheduler
                0x000000000800627c       0xc8 ./Middlewares/Third_Party/FreeRTOS/Source/tasks.o
                0x000000000800627c                vTaskStartScheduler
 .text.vTaskSuspendAll
                0x0000000008006344       0x1c ./Middlewares/Third_Party/FreeRTOS/Source/tasks.o
                0x0000000008006344                vTaskSuspendAll
 .text.xTaskResumeAll
                0x0000000008006360      0x13c ./Middlewares/Third_Party/FreeRTOS/Source/tasks.o
                0x0000000008006360                xTaskResumeAll
 .text.xTaskIncrementTick
                0x000000000800649c      0x174 ./Middlewares/Third_Party/FreeRTOS/Source/tasks.o
                0x000000000800649c                xTaskIncrementTick
 .text.vTaskSwitchContext
                0x0000000008006610       0xbc ./Middlewares/Third_Party/FreeRTOS/Source/tasks.o
                0x0000000008006610                vTaskSwitchContext
 .text.prvIdleTask
                0x00000000080066cc       0x30 ./Middlewares/Third_Party/FreeRTOS/Source/tasks.o
 .text.prvInitialiseTaskLists
                0x00000000080066fc       0x80 ./Middlewares/Third_Party/FreeRTOS/Source/tasks.o
 .text.prvCheckTasksWaitingTermination
                0x000000000800677c       0x5c ./Middlewares/Third_Party/FreeRTOS/Source/tasks.o
 .text.prvDeleteTCB
                0x00000000080067d8       0x62 ./Middlewares/Third_Party/FreeRTOS/Source/tasks.o
 *fill*         0x000000000800683a        0x2 
 .text.prvResetNextTaskUnblockTime
                0x000000000800683c       0x40 ./Middlewares/Third_Party/FreeRTOS/Source/tasks.o
 .text.prvAddCurrentTaskToDelayedList
                0x000000000800687c       0xcc ./Middlewares/Third_Party/FreeRTOS/Source/tasks.o
 .text.pxPortInitialiseStack
                0x0000000008006948       0x68 ./Middlewares/Third_Party/FreeRTOS/Source/portable/GCC/ARM_CM7/r0p1/port.o
                0x0000000008006948                pxPortInitialiseStack
 .text.prvTaskExitError
                0x00000000080069b0       0x60 ./Middlewares/Third_Party/FreeRTOS/Source/portable/GCC/ARM_CM7/r0p1/port.o
 .text.SVC_Handler
                0x0000000008006a10       0x28 ./Middlewares/Third_Party/FreeRTOS/Source/portable/GCC/ARM_CM7/r0p1/port.o
                0x0000000008006a10                SVC_Handler
 .text.prvPortStartFirstTask
                0x0000000008006a38       0x28 ./Middlewares/Third_Party/FreeRTOS/Source/portable/GCC/ARM_CM7/r0p1/port.o
 .text.xPortStartScheduler
                0x0000000008006a60       0xfc ./Middlewares/Third_Party/FreeRTOS/Source/portable/GCC/ARM_CM7/r0p1/port.o
                0x0000000008006a60                xPortStartScheduler
 .text.vPortEnterCritical
                0x0000000008006b5c       0x68 ./Middlewares/Third_Party/FreeRTOS/Source/portable/GCC/ARM_CM7/r0p1/port.o
                0x0000000008006b5c                vPortEnterCritical
 .text.vPortExitCritical
                0x0000000008006bc4       0x58 ./Middlewares/Third_Party/FreeRTOS/Source/portable/GCC/ARM_CM7/r0p1/port.o
                0x0000000008006bc4                vPortExitCritical
 *fill*         0x0000000008006c1c        0x4 
 .text.PendSV_Handler
                0x0000000008006c20       0x68 ./Middlewares/Third_Party/FreeRTOS/Source/portable/GCC/ARM_CM7/r0p1/port.o
                0x0000000008006c20                PendSV_Handler
 .text.SysTick_Handler
                0x0000000008006c88       0x48 ./Middlewares/Third_Party/FreeRTOS/Source/portable/GCC/ARM_CM7/r0p1/port.o
                0x0000000008006c88                SysTick_Handler
 .text.vPortSetupTimerInterrupt
                0x0000000008006cd0       0x48 ./Middlewares/Third_Party/FreeRTOS/Source/portable/GCC/ARM_CM7/r0p1/port.o
                0x0000000008006cd0                vPortSetupTimerInterrupt
 .text.vPortEnableVFP
                0x0000000008006d18       0x14 ./Middlewares/Third_Party/FreeRTOS/Source/portable/GCC/ARM_CM7/r0p1/port.o
 .text.pvPortMalloc
                0x0000000008006d2c      0x194 ./Middlewares/Third_Party/FreeRTOS/Source/portable/MemMang/heap_4.o
                0x0000000008006d2c                pvPortMalloc
 .text.vPortFree
                0x0000000008006ec0       0xbc ./Middlewares/Third_Party/FreeRTOS/Source/portable/MemMang/heap_4.o
                0x0000000008006ec0                vPortFree
 .text.prvHeapInit
                0x0000000008006f7c       0xc4 ./Middlewares/Third_Party/FreeRTOS/Source/portable/MemMang/heap_4.o
 .text.prvInsertBlockIntoFreeList
                0x0000000008007040       0xb4 ./Middlewares/Third_Party/FreeRTOS/Source/portable/MemMang/heap_4.o
 .text.__libc_init_array
                0x00000000080070f4       0x48 c:/st/stm32cubeide_1.6.1/stm32cubeide/plugins/com.st.stm32cube.ide.mcu.externaltools.gnu-tools-for-stm32.10.3-2021.10.win32_1.0.0.202111181127/tools/bin/../lib/gcc/arm-none-eabi/10.3.1/../../../../arm-none-eabi/lib/thumb/v7e-m+fp/hard\libc_nano.a(lib_a-init.o)
                0x00000000080070f4                __libc_init_array
 .text.memset   0x000000000800713c       0x10 c:/st/stm32cubeide_1.6.1/stm32cubeide/plugins/com.st.stm32cube.ide.mcu.externaltools.gnu-tools-for-stm32.10.3-2021.10.win32_1.0.0.202111181127/tools/bin/../lib/gcc/arm-none-eabi/10.3.1/../../../../arm-none-eabi/lib/thumb/v7e-m+fp/hard\libc_nano.a(lib_a-memset.o)
                0x000000000800713c                memset
 *(.glue_7)
 .glue_7        0x000000000800714c        0x0 linker stubs
 *(.glue_7t)
 .glue_7t       0x000000000800714c        0x0 linker stubs
 *(.eh_frame)
 .eh_frame      0x000000000800714c        0x0 c:/st/stm32cubeide_1.6.1/stm32cubeide/plugins/com.st.stm32cube.ide.mcu.externaltools.gnu-tools-for-stm32.10.3-2021.10.win32_1.0.0.202111181127/tools/bin/../lib/gcc/arm-none-eabi/10.3.1/thumb/v7e-m+fp/hard/crtbegin.o
 *(.init)
 .init          0x000000000800714c        0x4 c:/st/stm32cubeide_1.6.1/stm32cubeide/plugins/com.st.stm32cube.ide.mcu.externaltools.gnu-tools-for-stm32.10.3-2021.10.win32_1.0.0.202111181127/tools/bin/../lib/gcc/arm-none-eabi/10.3.1/thumb/v7e-m+fp/hard/crti.o
                0x000000000800714c                _init
 .init          0x0000000008007150        0x8 c:/st/stm32cubeide_1.6.1/stm32cubeide/plugins/com.st.stm32cube.ide.mcu.externaltools.gnu-tools-for-stm32.10.3-2021.10.win32_1.0.0.202111181127/tools/bin/../lib/gcc/arm-none-eabi/10.3.1/thumb/v7e-m+fp/hard/crtn.o
 *(.fini)
 .fini          0x0000000008007158        0x4 c:/st/stm32cubeide_1.6.1/stm32cubeide/plugins/com.st.stm32cube.ide.mcu.externaltools.gnu-tools-for-stm32.10.3-2021.10.win32_1.0.0.202111181127/tools/bin/../lib/gcc/arm-none-eabi/10.3.1/thumb/v7e-m+fp/hard/crti.o
                0x0000000008007158                _fini
 .fini          0x000000000800715c        0x8 c:/st/stm32cubeide_1.6.1/stm32cubeide/plugins/com.st.stm32cube.ide.mcu.externaltools.gnu-tools-for-stm32.10.3-2021.10.win32_1.0.0.202111181127/tools/bin/../lib/gcc/arm-none-eabi/10.3.1/thumb/v7e-m+fp/hard/crtn.o
                0x0000000008007164                . = ALIGN (0x4)
                0x0000000008007164                _etext = .

.vfp11_veneer   0x0000000008007164        0x0
 .vfp11_veneer  0x0000000008007164        0x0 linker stubs

.v4_bx          0x0000000008007164        0x0
 .v4_bx         0x0000000008007164        0x0 linker stubs

.iplt           0x0000000008007164        0x0
 .iplt          0x0000000008007164        0x0 c:/st/stm32cubeide_1.6.1/stm32cubeide/plugins/com.st.stm32cube.ide.mcu.externaltools.gnu-tools-for-stm32.10.3-2021.10.win32_1.0.0.202111181127/tools/bin/../lib/gcc/arm-none-eabi/10.3.1/thumb/v7e-m+fp/hard/crtbegin.o

.rodata         0x0000000008007164       0x78
                0x0000000008007164                . = ALIGN (0x4)
 *(.rodata)
 .rodata        0x0000000008007164       0x58 ./Core/Src/main.o
 .rodata        0x00000000080071bc        0x5 ./Middlewares/Third_Party/FreeRTOS/Source/tasks.o
 *(.rodata*)
 *fill*         0x00000000080071c1        0x3 
 .rodata.AHBPrescTable
                0x00000000080071c4       0x10 ./Core/Src/system_stm32f7xx.o
                0x00000000080071c4                AHBPrescTable
 .rodata.APBPrescTable
                0x00000000080071d4        0x8 ./Core/Src/system_stm32f7xx.o
                0x00000000080071d4                APBPrescTable
                0x00000000080071dc                . = ALIGN (0x4)

.ARM.extab      0x00000000080071dc        0x0
                0x00000000080071dc                . = ALIGN (0x4)
 *(.ARM.extab* .gnu.linkonce.armextab.*)
                0x00000000080071dc                . = ALIGN (0x4)

.ARM            0x00000000080071dc        0x8
                0x00000000080071dc                . = ALIGN (0x4)
                0x00000000080071dc                __exidx_start = .
 *(.ARM.exidx*)
 .ARM.exidx     0x00000000080071dc        0x8 c:/st/stm32cubeide_1.6.1/stm32cubeide/plugins/com.st.stm32cube.ide.mcu.externaltools.gnu-tools-for-stm32.10.3-2021.10.win32_1.0.0.202111181127/tools/bin/../lib/gcc/arm-none-eabi/10.3.1/thumb/v7e-m+fp/hard\libgcc.a(_udivmoddi4.o)
                0x00000000080071e4                __exidx_end = .
                0x00000000080071e4                . = ALIGN (0x4)

.rel.dyn        0x00000000080071e4        0x0
 .rel.iplt      0x00000000080071e4        0x0 c:/st/stm32cubeide_1.6.1/stm32cubeide/plugins/com.st.stm32cube.ide.mcu.externaltools.gnu-tools-for-stm32.10.3-2021.10.win32_1.0.0.202111181127/tools/bin/../lib/gcc/arm-none-eabi/10.3.1/thumb/v7e-m+fp/hard/crtbegin.o

.preinit_array  0x00000000080071e4        0x0
                0x00000000080071e4                . = ALIGN (0x4)
                0x00000000080071e4                PROVIDE (__preinit_array_start = .)
 *(.preinit_array*)
                0x00000000080071e4                PROVIDE (__preinit_array_end = .)
                0x00000000080071e4                . = ALIGN (0x4)

.init_array     0x00000000080071e4        0x4
                0x00000000080071e4                . = ALIGN (0x4)
                0x00000000080071e4                PROVIDE (__init_array_start = .)
 *(SORT_BY_NAME(.init_array.*))
 *(.init_array*)
 .init_array    0x00000000080071e4        0x4 c:/st/stm32cubeide_1.6.1/stm32cubeide/plugins/com.st.stm32cube.ide.mcu.externaltools.gnu-tools-for-stm32.10.3-2021.10.win32_1.0.0.202111181127/tools/bin/../lib/gcc/arm-none-eabi/10.3.1/thumb/v7e-m+fp/hard/crtbegin.o
                0x00000000080071e8                PROVIDE (__init_array_end = .)
                0x00000000080071e8                . = ALIGN (0x4)

.fini_array     0x00000000080071e8        0x4
                0x00000000080071e8                . = ALIGN (0x4)
                [!provide]                        PROVIDE (__fini_array_start = .)
 *(SORT_BY_NAME(.fini_array.*))
 *(.fini_array*)
 .fini_array    0x00000000080071e8        0x4 c:/st/stm32cubeide_1.6.1/stm32cubeide/plugins/com.st.stm32cube.ide.mcu.externaltools.gnu-tools-for-stm32.10.3-2021.10.win32_1.0.0.202111181127/tools/bin/../lib/gcc/arm-none-eabi/10.3.1/thumb/v7e-m+fp/hard/crtbegin.o
                [!provide]                        PROVIDE (__fini_array_end = .)
                0x00000000080071ec                . = ALIGN (0x4)
                0x00000000080071ec                _sidata = LOADADDR (.data)

.data           0x0000000020000000      0x3c4 load address 0x00000000080071ec
                0x0000000020000000                . = ALIGN (0x4)
                0x0000000020000000                _sdata = .
 *(.data)
 *(.data*)
 .data.data_channels
                0x0000000020000000       0x14 ./Core/Src/acm_GO422.o
                0x0000000020000000                data_channels
 .data.SystemCoreClock
                0x0000000020000014        0x4 ./Core/Src/system_stm32f7xx.o
                0x0000000020000014                SystemCoreClock
 .data.all_parameter_structs
                0x0000000020000018      0x2e4 ./Core/gophercan-lib/GopherCAN_ids.o
                0x0000000020000018                all_parameter_structs
 .data.parameter_data_types
                0x00000000200002fc       0xb9 ./Core/gophercan-lib/GopherCAN_ids.o
                0x00000000200002fc                parameter_data_types
 *fill*         0x00000000200003b5        0x3 
 .data.uwTickPrio
                0x00000000200003b8        0x4 ./Drivers/STM32F7xx_HAL_Driver/Src/stm32f7xx_hal.o
                0x00000000200003b8                uwTickPrio
 .data.uwTickFreq
                0x00000000200003bc        0x1 ./Drivers/STM32F7xx_HAL_Driver/Src/stm32f7xx_hal.o
                0x00000000200003bc                uwTickFreq
 *fill*         0x00000000200003bd        0x3 
 .data.uxCriticalNesting
                0x00000000200003c0        0x4 ./Middlewares/Third_Party/FreeRTOS/Source/portable/GCC/ARM_CM7/r0p1/port.o
 *(.RamFunc)
 *(.RamFunc*)
                0x00000000200003c4                . = ALIGN (0x4)
                0x00000000200003c4                _edata = .

.igot.plt       0x00000000200003c4        0x0 load address 0x00000000080075b0
 .igot.plt      0x00000000200003c4        0x0 c:/st/stm32cubeide_1.6.1/stm32cubeide/plugins/com.st.stm32cube.ide.mcu.externaltools.gnu-tools-for-stm32.10.3-2021.10.win32_1.0.0.202111181127/tools/bin/../lib/gcc/arm-none-eabi/10.3.1/thumb/v7e-m+fp/hard/crtbegin.o
                0x00000000200003c4                . = ALIGN (0x4)

.bss            0x00000000200003c4     0x50c8 load address 0x00000000080075b0
                0x00000000200003c4                _sbss = .
                0x00000000200003c4                __bss_start__ = _sbss
 *(.bss)
 .bss           0x00000000200003c4       0x1c c:/st/stm32cubeide_1.6.1/stm32cubeide/plugins/com.st.stm32cube.ide.mcu.externaltools.gnu-tools-for-stm32.10.3-2021.10.win32_1.0.0.202111181127/tools/bin/../lib/gcc/arm-none-eabi/10.3.1/thumb/v7e-m+fp/hard/crtbegin.o
 *(.bss*)
 .bss.acm_hcan  0x00000000200003e0        0x4 ./Core/Src/acm_GO422.o
                0x00000000200003e0                acm_hcan
 .bss.channel_1
                0x00000000200003e4       0x18 ./Core/Src/acm_GO422.o
                0x00000000200003e4                channel_1
 .bss.channel_2
                0x00000000200003fc       0x18 ./Core/Src/acm_GO422.o
                0x00000000200003fc                channel_2
 .bss.channel_3
                0x0000000020000414       0x18 ./Core/Src/acm_GO422.o
                0x0000000020000414                channel_3
 .bss.used_data_channels
                0x000000002000042c       0x18 ./Core/Src/acm_GO422.o
                0x000000002000042c                used_data_channels
 .bss.xIdleTaskTCBBuffer
                0x0000000020000444       0x54 ./Core/Src/freertos.o
 .bss.xIdleStack
                0x0000000020000498      0x400 ./Core/Src/freertos.o
 .bss.hadc1     0x0000000020000898       0x48 ./Core/Src/main.o
                0x0000000020000898                hadc1
 .bss.hadc3     0x00000000200008e0       0x48 ./Core/Src/main.o
                0x00000000200008e0                hadc3
 .bss.hcan1     0x0000000020000928       0x28 ./Core/Src/main.o
                0x0000000020000928                hcan1
 .bss.htim2     0x0000000020000950       0x4c ./Core/Src/main.o
                0x0000000020000950                htim2
 .bss.htim8     0x000000002000099c       0x4c ./Core/Src/main.o
                0x000000002000099c                htim8
 .bss.taskMain_LoopHandle
                0x00000000200009e8        0x4 ./Core/Src/main.o
                0x00000000200009e8                taskMain_LoopHandle
 .bss.taskGCAN_HardwaHandle
                0x00000000200009ec        0x4 ./Core/Src/main.o
                0x00000000200009ec                taskGCAN_HardwaHandle
 .bss.htim6     0x00000000200009f0       0x4c ./Core/Src/stm32f7xx_hal_timebase_tim.o
                0x00000000200009f0                htim6
 .bss.cust_funcs
                0x0000000020000a3c       0x6c ./Core/gophercan-lib/GopherCAN.o
                0x0000000020000a3c                cust_funcs
 .bss.this_module_id
                0x0000000020000aa8        0x1 ./Core/gophercan-lib/GopherCAN.o
                0x0000000020000aa8                this_module_id
 *fill*         0x0000000020000aa9        0x3 
 .bss.last_error
                0x0000000020000aac        0xc ./Core/gophercan-lib/GopherCAN.o
                0x0000000020000aac                last_error
 .bss.hcan_error
                0x0000000020000ab8        0x4 ./Core/gophercan-lib/GopherCAN.o
                0x0000000020000ab8                hcan_error
 .bss.rx_buffer
                0x0000000020000abc        0x8 ./Core/gophercan-lib/GopherCAN.o
                0x0000000020000abc                rx_buffer
 .bss.rx_buffer_mem
                0x0000000020000ac4      0x200 ./Core/gophercan-lib/GopherCAN.o
                0x0000000020000ac4                rx_buffer_mem
 .bss.tx_buffer
                0x0000000020000cc4        0x8 ./Core/gophercan-lib/GopherCAN.o
                0x0000000020000cc4                tx_buffer
 .bss.tx_buffer_mem
                0x0000000020000ccc      0x200 ./Core/gophercan-lib/GopherCAN.o
                0x0000000020000ccc                tx_buffer_mem
 .bss.can_command
                0x0000000020000ecc        0x8 ./Core/gophercan-lib/GopherCAN_ids.o
                0x0000000020000ecc                can_command
 .bss.rpm_ecu   0x0000000020000ed4        0xc ./Core/gophercan-lib/GopherCAN_ids.o
                0x0000000020000ed4                rpm_ecu
 .bss.wheel_slip_ecu
                0x0000000020000ee0        0xc ./Core/gophercan-lib/GopherCAN_ids.o
                0x0000000020000ee0                wheel_slip_ecu
 .bss.wheel_slip_target_ecu
                0x0000000020000eec        0xc ./Core/gophercan-lib/GopherCAN_ids.o
                0x0000000020000eec                wheel_slip_target_ecu
 .bss.aim_rpm_ecu
                0x0000000020000ef8        0xc ./Core/gophercan-lib/GopherCAN_ids.o
                0x0000000020000ef8                aim_rpm_ecu
 .bss.wsfl_ecu  0x0000000020000f04        0xc ./Core/gophercan-lib/GopherCAN_ids.o
                0x0000000020000f04                wsfl_ecu
 .bss.wsfr_ecu  0x0000000020000f10        0xc ./Core/gophercan-lib/GopherCAN_ids.o
                0x0000000020000f10                wsfr_ecu
 .bss.wsrl_ecu  0x0000000020000f1c        0xc ./Core/gophercan-lib/GopherCAN_ids.o
                0x0000000020000f1c                wsrl_ecu
 .bss.wsrr_ecu  0x0000000020000f28        0xc ./Core/gophercan-lib/GopherCAN_ids.o
                0x0000000020000f28                wsrr_ecu
 .bss.ign_cut_level_ecu
                0x0000000020000f34        0xc ./Core/gophercan-lib/GopherCAN_ids.o
                0x0000000020000f34                ign_cut_level_ecu
 .bss.bat_volts_ecu
                0x0000000020000f40        0xc ./Core/gophercan-lib/GopherCAN_ids.o
                0x0000000020000f40                bat_volts_ecu
 .bss.engine_temp_ecu
                0x0000000020000f4c        0xc ./Core/gophercan-lib/GopherCAN_ids.o
                0x0000000020000f4c                engine_temp_ecu
 .bss.inlet_air_temp_ecu
                0x0000000020000f58        0xc ./Core/gophercan-lib/GopherCAN_ids.o
                0x0000000020000f58                inlet_air_temp_ecu
 .bss.lambda_1_ecu
                0x0000000020000f64        0xc ./Core/gophercan-lib/GopherCAN_ids.o
                0x0000000020000f64                lambda_1_ecu
 .bss.throttle_pos_1_ecu
                0x0000000020000f70        0xc ./Core/gophercan-lib/GopherCAN_ids.o
                0x0000000020000f70                throttle_pos_1_ecu
 .bss.throttle_pos_2_ecu
                0x0000000020000f7c        0xc ./Core/gophercan-lib/GopherCAN_ids.o
                0x0000000020000f7c                throttle_pos_2_ecu
 .bss.pedal_pos_1_ecu
                0x0000000020000f88        0xc ./Core/gophercan-lib/GopherCAN_ids.o
                0x0000000020000f88                pedal_pos_1_ecu
 .bss.pedal_pos_2_ecu
                0x0000000020000f94        0xc ./Core/gophercan-lib/GopherCAN_ids.o
                0x0000000020000f94                pedal_pos_2_ecu
 .bss.man_pressure_ecu
                0x0000000020000fa0        0xc ./Core/gophercan-lib/GopherCAN_ids.o
                0x0000000020000fa0                man_pressure_ecu
 .bss.fuel_cut_lvl_ecu
                0x0000000020000fac        0xc ./Core/gophercan-lib/GopherCAN_ids.o
                0x0000000020000fac                fuel_cut_lvl_ecu
 .bss.ign_advance_ecu
                0x0000000020000fb8        0xc ./Core/gophercan-lib/GopherCAN_ids.o
                0x0000000020000fb8                ign_advance_ecu
 .bss.oil_pressure_ecu
                0x0000000020000fc4        0xc ./Core/gophercan-lib/GopherCAN_ids.o
                0x0000000020000fc4                oil_pressure_ecu
 .bss.oil_temp_ecu
                0x0000000020000fd0        0xc ./Core/gophercan-lib/GopherCAN_ids.o
                0x0000000020000fd0                oil_temp_ecu
 .bss.fuel_pressure_ecu
                0x0000000020000fdc        0xc ./Core/gophercan-lib/GopherCAN_ids.o
                0x0000000020000fdc                fuel_pressure_ecu
 .bss.throttle_pos_required_ecu
                0x0000000020000fe8        0xc ./Core/gophercan-lib/GopherCAN_ids.o
                0x0000000020000fe8                throttle_pos_required_ecu
 .bss.brake_pressure_front_ecu
                0x0000000020000ff4        0xc ./Core/gophercan-lib/GopherCAN_ids.o
                0x0000000020000ff4                brake_pressure_front_ecu
 .bss.etc_duty_ecu
                0x0000000020001000        0xc ./Core/gophercan-lib/GopherCAN_ids.o
                0x0000000020001000                etc_duty_ecu
 .bss.fan_duty_ecu
                0x000000002000100c        0xc ./Core/gophercan-lib/GopherCAN_ids.o
                0x000000002000100c                fan_duty_ecu
 .bss.fanoil_duty_ecu
                0x0000000020001018        0xc ./Core/gophercan-lib/GopherCAN_ids.o
                0x0000000020001018                fanoil_duty_ecu
 .bss.wpump_duty_ecu
                0x0000000020001024        0xc ./Core/gophercan-lib/GopherCAN_ids.o
                0x0000000020001024                wpump_duty_ecu
 .bss.brake_light_duty_ecu
                0x0000000020001030        0xc ./Core/gophercan-lib/GopherCAN_ids.o
                0x0000000020001030                brake_light_duty_ecu
 .bss.warning_light_duty_ecu
                0x000000002000103c        0xc ./Core/gophercan-lib/GopherCAN_ids.o
                0x000000002000103c                warning_light_duty_ecu
 .bss.aux_5v_ecu
                0x0000000020001048        0xc ./Core/gophercan-lib/GopherCAN_ids.o
                0x0000000020001048                aux_5v_ecu
 .bss.eng_5v_ecu
                0x0000000020001054        0xc ./Core/gophercan-lib/GopherCAN_ids.o
                0x0000000020001054                eng_5v_ecu
 .bss.gps_lat_ecu
                0x0000000020001060        0xc ./Core/gophercan-lib/GopherCAN_ids.o
                0x0000000020001060                gps_lat_ecu
 .bss.gps_long_ecu
                0x000000002000106c        0xc ./Core/gophercan-lib/GopherCAN_ids.o
                0x000000002000106c                gps_long_ecu
 .bss.brake_pressure_rear
                0x0000000020001078        0xc ./Core/gophercan-lib/GopherCAN_ids.o
                0x0000000020001078                brake_pressure_rear
 .bss.steering_anglels
                0x0000000020001084        0xc ./Core/gophercan-lib/GopherCAN_ids.o
                0x0000000020001084                steering_anglels
 .bss.throttle_position
                0x0000000020001090        0xc ./Core/gophercan-lib/GopherCAN_ids.o
                0x0000000020001090                throttle_position
 .bss.acceleration
                0x000000002000109c        0xc ./Core/gophercan-lib/GopherCAN_ids.o
                0x000000002000109c                acceleration
 .bss.ride_height_rear
                0x00000000200010a8        0xc ./Core/gophercan-lib/GopherCAN_ids.o
                0x00000000200010a8                ride_height_rear
 .bss.ride_height_front
                0x00000000200010b4        0xc ./Core/gophercan-lib/GopherCAN_ids.o
                0x00000000200010b4                ride_height_front
 .bss.rear_right_shock_pot
                0x00000000200010c0        0xc ./Core/gophercan-lib/GopherCAN_ids.o
                0x00000000200010c0                rear_right_shock_pot
 .bss.rear_left_shock_pot
                0x00000000200010cc        0xc ./Core/gophercan-lib/GopherCAN_ids.o
                0x00000000200010cc                rear_left_shock_pot
 .bss.front_left_shock_pot
                0x00000000200010d8        0xc ./Core/gophercan-lib/GopherCAN_ids.o
                0x00000000200010d8                front_left_shock_pot
 .bss.front_right_shock_pot
                0x00000000200010e4        0xc ./Core/gophercan-lib/GopherCAN_ids.o
                0x00000000200010e4                front_right_shock_pot
 .bss.right_rad_pressure_in
                0x00000000200010f0        0xc ./Core/gophercan-lib/GopherCAN_ids.o
                0x00000000200010f0                right_rad_pressure_in
 .bss.right_rad_pressure_out
                0x00000000200010fc        0xc ./Core/gophercan-lib/GopherCAN_ids.o
                0x00000000200010fc                right_rad_pressure_out
 .bss.right_rad_pressure_drop
                0x0000000020001108        0xc ./Core/gophercan-lib/GopherCAN_ids.o
                0x0000000020001108                right_rad_pressure_drop
 .bss.right_rad_temp_in
                0x0000000020001114        0xc ./Core/gophercan-lib/GopherCAN_ids.o
                0x0000000020001114                right_rad_temp_in
 .bss.right_rad_temp_out
                0x0000000020001120        0xc ./Core/gophercan-lib/GopherCAN_ids.o
                0x0000000020001120                right_rad_temp_out
 .bss.left_rad_pressure_in
                0x000000002000112c        0xc ./Core/gophercan-lib/GopherCAN_ids.o
                0x000000002000112c                left_rad_pressure_in
 .bss.left_rad_pressure_out
                0x0000000020001138        0xc ./Core/gophercan-lib/GopherCAN_ids.o
                0x0000000020001138                left_rad_pressure_out
 .bss.left_rad_pressure_drop
                0x0000000020001144        0xc ./Core/gophercan-lib/GopherCAN_ids.o
                0x0000000020001144                left_rad_pressure_drop
 .bss.left_rad_temp_in
                0x0000000020001150        0xc ./Core/gophercan-lib/GopherCAN_ids.o
                0x0000000020001150                left_rad_temp_in
 .bss.left_rad_temp_out
                0x000000002000115c        0xc ./Core/gophercan-lib/GopherCAN_ids.o
                0x000000002000115c                left_rad_temp_out
 .bss.air_tank_pressure
                0x0000000020001168        0xc ./Core/gophercan-lib/GopherCAN_ids.o
                0x0000000020001168                air_tank_pressure
 .bss.pnumatic_line_pressure
                0x0000000020001174        0xc ./Core/gophercan-lib/GopherCAN_ids.o
                0x0000000020001174                pnumatic_line_pressure
 .bss.water_pump_pressure_in
                0x0000000020001180        0xc ./Core/gophercan-lib/GopherCAN_ids.o
                0x0000000020001180                water_pump_pressure_in
 .bss.water_pump_pressure_out
                0x000000002000118c        0xc ./Core/gophercan-lib/GopherCAN_ids.o
                0x000000002000118c                water_pump_pressure_out
 .bss.main_circuit_flow_rate
                0x0000000020001198        0xc ./Core/gophercan-lib/GopherCAN_ids.o
                0x0000000020001198                main_circuit_flow_rate
 .bss.exhaust_temp_1
                0x00000000200011a4        0xc ./Core/gophercan-lib/GopherCAN_ids.o
                0x00000000200011a4                exhaust_temp_1
 .bss.exhaust_temp_2
                0x00000000200011b0        0xc ./Core/gophercan-lib/GopherCAN_ids.o
                0x00000000200011b0                exhaust_temp_2
 .bss.exhaust_temp_3
                0x00000000200011bc        0xc ./Core/gophercan-lib/GopherCAN_ids.o
                0x00000000200011bc                exhaust_temp_3
 .bss.exhaust_temp_4
                0x00000000200011c8        0xc ./Core/gophercan-lib/GopherCAN_ids.o
                0x00000000200011c8                exhaust_temp_4
 .bss.exhaust_temp_5
                0x00000000200011d4        0xc ./Core/gophercan-lib/GopherCAN_ids.o
                0x00000000200011d4                exhaust_temp_5
 .bss.lambda_header_1
                0x00000000200011e0        0xc ./Core/gophercan-lib/GopherCAN_ids.o
                0x00000000200011e0                lambda_header_1
 .bss.lambda_header_2
                0x00000000200011ec        0xc ./Core/gophercan-lib/GopherCAN_ids.o
                0x00000000200011ec                lambda_header_2
 .bss.oil_cooler_temp_in
                0x00000000200011f8        0xc ./Core/gophercan-lib/GopherCAN_ids.o
                0x00000000200011f8                oil_cooler_temp_in
 .bss.oil_cooler_temp_out
                0x0000000020001204        0xc ./Core/gophercan-lib/GopherCAN_ids.o
                0x0000000020001204                oil_cooler_temp_out
 .bss.oil_cooler_pressure_in
                0x0000000020001210        0xc ./Core/gophercan-lib/GopherCAN_ids.o
                0x0000000020001210                oil_cooler_pressure_in
 .bss.oil_cooler_pressure_out
                0x000000002000121c        0xc ./Core/gophercan-lib/GopherCAN_ids.o
                0x000000002000121c                oil_cooler_pressure_out
 .bss.firewall_temp
                0x0000000020001228        0xc ./Core/gophercan-lib/GopherCAN_ids.o
                0x0000000020001228                firewall_temp
 .bss.yaw_rate  0x0000000020001234        0xc ./Core/gophercan-lib/GopherCAN_ids.o
                0x0000000020001234                yaw_rate
 .bss.y_axis_accel
                0x0000000020001240        0xc ./Core/gophercan-lib/GopherCAN_ids.o
                0x0000000020001240                y_axis_accel
 .bss.roll_rate
                0x000000002000124c        0xc ./Core/gophercan-lib/GopherCAN_ids.o
                0x000000002000124c                roll_rate
 .bss.x_axis_accel
                0x0000000020001258        0xc ./Core/gophercan-lib/GopherCAN_ids.o
                0x0000000020001258                x_axis_accel
 .bss.z_axis_accel
                0x0000000020001264        0xc ./Core/gophercan-lib/GopherCAN_ids.o
                0x0000000020001264                z_axis_accel
 .bss.tire_temp_rr_1
                0x0000000020001270        0xc ./Core/gophercan-lib/GopherCAN_ids.o
                0x0000000020001270                tire_temp_rr_1
 .bss.tire_temp_rr_2
                0x000000002000127c        0xc ./Core/gophercan-lib/GopherCAN_ids.o
                0x000000002000127c                tire_temp_rr_2
 .bss.tire_temp_rr_3
                0x0000000020001288        0xc ./Core/gophercan-lib/GopherCAN_ids.o
                0x0000000020001288                tire_temp_rr_3
 .bss.tire_temp_rr_4
                0x0000000020001294        0xc ./Core/gophercan-lib/GopherCAN_ids.o
                0x0000000020001294                tire_temp_rr_4
 .bss.tire_temp_rr_5
                0x00000000200012a0        0xc ./Core/gophercan-lib/GopherCAN_ids.o
                0x00000000200012a0                tire_temp_rr_5
 .bss.tire_temp_rr_6
                0x00000000200012ac        0xc ./Core/gophercan-lib/GopherCAN_ids.o
                0x00000000200012ac                tire_temp_rr_6
 .bss.tire_temp_rr_7
                0x00000000200012b8        0xc ./Core/gophercan-lib/GopherCAN_ids.o
                0x00000000200012b8                tire_temp_rr_7
 .bss.tire_temp_rr_8
                0x00000000200012c4        0xc ./Core/gophercan-lib/GopherCAN_ids.o
                0x00000000200012c4                tire_temp_rr_8
 .bss.tire_temp_rr_9
                0x00000000200012d0        0xc ./Core/gophercan-lib/GopherCAN_ids.o
                0x00000000200012d0                tire_temp_rr_9
 .bss.tire_temp_rr_10
                0x00000000200012dc        0xc ./Core/gophercan-lib/GopherCAN_ids.o
                0x00000000200012dc                tire_temp_rr_10
 .bss.tire_temp_rr_11
                0x00000000200012e8        0xc ./Core/gophercan-lib/GopherCAN_ids.o
                0x00000000200012e8                tire_temp_rr_11
 .bss.tire_temp_rr_12
                0x00000000200012f4        0xc ./Core/gophercan-lib/GopherCAN_ids.o
                0x00000000200012f4                tire_temp_rr_12
 .bss.tire_temp_rr_13
                0x0000000020001300        0xc ./Core/gophercan-lib/GopherCAN_ids.o
                0x0000000020001300                tire_temp_rr_13
 .bss.tire_temp_rr_14
                0x000000002000130c        0xc ./Core/gophercan-lib/GopherCAN_ids.o
                0x000000002000130c                tire_temp_rr_14
 .bss.tire_temp_rr_15
                0x0000000020001318        0xc ./Core/gophercan-lib/GopherCAN_ids.o
                0x0000000020001318                tire_temp_rr_15
 .bss.tire_temp_rr_16
                0x0000000020001324        0xc ./Core/gophercan-lib/GopherCAN_ids.o
                0x0000000020001324                tire_temp_rr_16
 .bss.tire_temp_rl_1
                0x0000000020001330        0xc ./Core/gophercan-lib/GopherCAN_ids.o
                0x0000000020001330                tire_temp_rl_1
 .bss.tire_temp_rl_2
                0x000000002000133c        0xc ./Core/gophercan-lib/GopherCAN_ids.o
                0x000000002000133c                tire_temp_rl_2
 .bss.tire_temp_rl_3
                0x0000000020001348        0xc ./Core/gophercan-lib/GopherCAN_ids.o
                0x0000000020001348                tire_temp_rl_3
 .bss.tire_temp_rl_4
                0x0000000020001354        0xc ./Core/gophercan-lib/GopherCAN_ids.o
                0x0000000020001354                tire_temp_rl_4
 .bss.tire_temp_rl_5
                0x0000000020001360        0xc ./Core/gophercan-lib/GopherCAN_ids.o
                0x0000000020001360                tire_temp_rl_5
 .bss.tire_temp_rl_6
                0x000000002000136c        0xc ./Core/gophercan-lib/GopherCAN_ids.o
                0x000000002000136c                tire_temp_rl_6
 .bss.tire_temp_rl_7
                0x0000000020001378        0xc ./Core/gophercan-lib/GopherCAN_ids.o
                0x0000000020001378                tire_temp_rl_7
 .bss.tire_temp_rl_8
                0x0000000020001384        0xc ./Core/gophercan-lib/GopherCAN_ids.o
                0x0000000020001384                tire_temp_rl_8
 .bss.tire_temp_rl_9
                0x0000000020001390        0xc ./Core/gophercan-lib/GopherCAN_ids.o
                0x0000000020001390                tire_temp_rl_9
 .bss.tire_temp_rl_10
                0x000000002000139c        0xc ./Core/gophercan-lib/GopherCAN_ids.o
                0x000000002000139c                tire_temp_rl_10
 .bss.tire_temp_rl_11
                0x00000000200013a8        0xc ./Core/gophercan-lib/GopherCAN_ids.o
                0x00000000200013a8                tire_temp_rl_11
 .bss.tire_temp_rl_12
                0x00000000200013b4        0xc ./Core/gophercan-lib/GopherCAN_ids.o
                0x00000000200013b4                tire_temp_rl_12
 .bss.tire_temp_rl_13
                0x00000000200013c0        0xc ./Core/gophercan-lib/GopherCAN_ids.o
                0x00000000200013c0                tire_temp_rl_13
 .bss.tire_temp_rl_14
                0x00000000200013cc        0xc ./Core/gophercan-lib/GopherCAN_ids.o
                0x00000000200013cc                tire_temp_rl_14
 .bss.tire_temp_rl_15
                0x00000000200013d8        0xc ./Core/gophercan-lib/GopherCAN_ids.o
                0x00000000200013d8                tire_temp_rl_15
 .bss.tire_temp_rl_16
                0x00000000200013e4        0xc ./Core/gophercan-lib/GopherCAN_ids.o
                0x00000000200013e4                tire_temp_rl_16
 .bss.tire_temp_fl_1
                0x00000000200013f0        0xc ./Core/gophercan-lib/GopherCAN_ids.o
                0x00000000200013f0                tire_temp_fl_1
 .bss.tire_temp_fl_2
                0x00000000200013fc        0xc ./Core/gophercan-lib/GopherCAN_ids.o
                0x00000000200013fc                tire_temp_fl_2
 .bss.tire_temp_fl_3
                0x0000000020001408        0xc ./Core/gophercan-lib/GopherCAN_ids.o
                0x0000000020001408                tire_temp_fl_3
 .bss.tire_temp_fl_4
                0x0000000020001414        0xc ./Core/gophercan-lib/GopherCAN_ids.o
                0x0000000020001414                tire_temp_fl_4
 .bss.tire_temp_fl_5
                0x0000000020001420        0xc ./Core/gophercan-lib/GopherCAN_ids.o
                0x0000000020001420                tire_temp_fl_5
 .bss.tire_temp_fl_6
                0x000000002000142c        0xc ./Core/gophercan-lib/GopherCAN_ids.o
                0x000000002000142c                tire_temp_fl_6
 .bss.tire_temp_fl_7
                0x0000000020001438        0xc ./Core/gophercan-lib/GopherCAN_ids.o
                0x0000000020001438                tire_temp_fl_7
 .bss.tire_temp_fl_8
                0x0000000020001444        0xc ./Core/gophercan-lib/GopherCAN_ids.o
                0x0000000020001444                tire_temp_fl_8
 .bss.tire_temp_fl_9
                0x0000000020001450        0xc ./Core/gophercan-lib/GopherCAN_ids.o
                0x0000000020001450                tire_temp_fl_9
 .bss.tire_temp_fl_10
                0x000000002000145c        0xc ./Core/gophercan-lib/GopherCAN_ids.o
                0x000000002000145c                tire_temp_fl_10
 .bss.tire_temp_fl_11
                0x0000000020001468        0xc ./Core/gophercan-lib/GopherCAN_ids.o
                0x0000000020001468                tire_temp_fl_11
 .bss.tire_temp_fl_12
                0x0000000020001474        0xc ./Core/gophercan-lib/GopherCAN_ids.o
                0x0000000020001474                tire_temp_fl_12
 .bss.tire_temp_fl_13
                0x0000000020001480        0xc ./Core/gophercan-lib/GopherCAN_ids.o
                0x0000000020001480                tire_temp_fl_13
 .bss.tire_temp_fl_14
                0x000000002000148c        0xc ./Core/gophercan-lib/GopherCAN_ids.o
                0x000000002000148c                tire_temp_fl_14
 .bss.tire_temp_fl_15
                0x0000000020001498        0xc ./Core/gophercan-lib/GopherCAN_ids.o
                0x0000000020001498                tire_temp_fl_15
 .bss.tire_temp_fl_16
                0x00000000200014a4        0xc ./Core/gophercan-lib/GopherCAN_ids.o
                0x00000000200014a4                tire_temp_fl_16
 .bss.tire_temp_fr_1
                0x00000000200014b0        0xc ./Core/gophercan-lib/GopherCAN_ids.o
                0x00000000200014b0                tire_temp_fr_1
 .bss.tire_temp_fr_2
                0x00000000200014bc        0xc ./Core/gophercan-lib/GopherCAN_ids.o
                0x00000000200014bc                tire_temp_fr_2
 .bss.tire_temp_fr_3
                0x00000000200014c8        0xc ./Core/gophercan-lib/GopherCAN_ids.o
                0x00000000200014c8                tire_temp_fr_3
 .bss.tire_temp_fr_4
                0x00000000200014d4        0xc ./Core/gophercan-lib/GopherCAN_ids.o
                0x00000000200014d4                tire_temp_fr_4
 .bss.tire_temp_fr_5
                0x00000000200014e0        0xc ./Core/gophercan-lib/GopherCAN_ids.o
                0x00000000200014e0                tire_temp_fr_5
 .bss.tire_temp_fr_6
                0x00000000200014ec        0xc ./Core/gophercan-lib/GopherCAN_ids.o
                0x00000000200014ec                tire_temp_fr_6
 .bss.tire_temp_fr_7
                0x00000000200014f8        0xc ./Core/gophercan-lib/GopherCAN_ids.o
                0x00000000200014f8                tire_temp_fr_7
 .bss.tire_temp_fr_8
                0x0000000020001504        0xc ./Core/gophercan-lib/GopherCAN_ids.o
                0x0000000020001504                tire_temp_fr_8
 .bss.tire_temp_fr_9
                0x0000000020001510        0xc ./Core/gophercan-lib/GopherCAN_ids.o
                0x0000000020001510                tire_temp_fr_9
 .bss.tire_temp_fr_10
                0x000000002000151c        0xc ./Core/gophercan-lib/GopherCAN_ids.o
                0x000000002000151c                tire_temp_fr_10
 .bss.tire_temp_fr_11
                0x0000000020001528        0xc ./Core/gophercan-lib/GopherCAN_ids.o
                0x0000000020001528                tire_temp_fr_11
 .bss.tire_temp_fr_12
                0x0000000020001534        0xc ./Core/gophercan-lib/GopherCAN_ids.o
                0x0000000020001534                tire_temp_fr_12
 .bss.tire_temp_fr_13
                0x0000000020001540        0xc ./Core/gophercan-lib/GopherCAN_ids.o
                0x0000000020001540                tire_temp_fr_13
 .bss.tire_temp_fr_14
                0x000000002000154c        0xc ./Core/gophercan-lib/GopherCAN_ids.o
                0x000000002000154c                tire_temp_fr_14
 .bss.tire_temp_fr_15
                0x0000000020001558        0xc ./Core/gophercan-lib/GopherCAN_ids.o
                0x0000000020001558                tire_temp_fr_15
 .bss.tire_temp_fr_16
                0x0000000020001564        0xc ./Core/gophercan-lib/GopherCAN_ids.o
                0x0000000020001564                tire_temp_fr_16
 .bss.sw_upshift
                0x0000000020001570        0x8 ./Core/gophercan-lib/GopherCAN_ids.o
                0x0000000020001570                sw_upshift
 .bss.sw_downshift
                0x0000000020001578        0x8 ./Core/gophercan-lib/GopherCAN_ids.o
                0x0000000020001578                sw_downshift
 .bss.sw_clutch
                0x0000000020001580        0x8 ./Core/gophercan-lib/GopherCAN_ids.o
                0x0000000020001580                sw_clutch
 .bss.sw_drs    0x0000000020001588        0x8 ./Core/gophercan-lib/GopherCAN_ids.o
                0x0000000020001588                sw_drs
 .bss.sw_aux2   0x0000000020001590        0x8 ./Core/gophercan-lib/GopherCAN_ids.o
                0x0000000020001590                sw_aux2
 .bss.sw_aux3   0x0000000020001598        0x8 ./Core/gophercan-lib/GopherCAN_ids.o
                0x0000000020001598                sw_aux3
 .bss.tcm_neutral
                0x00000000200015a0        0x8 ./Core/gophercan-lib/GopherCAN_ids.o
                0x00000000200015a0                tcm_neutral
 .bss.tcm_shifter_position
                0x00000000200015a8        0xc ./Core/gophercan-lib/GopherCAN_ids.o
                0x00000000200015a8                tcm_shifter_position
 .bss.tcm_clutch_position
                0x00000000200015b4        0xc ./Core/gophercan-lib/GopherCAN_ids.o
                0x00000000200015b4                tcm_clutch_position
 .bss.tcm_target_rpm
                0x00000000200015c0        0xc ./Core/gophercan-lib/GopherCAN_ids.o
                0x00000000200015c0                tcm_target_rpm
 .bss.tcm_trans_rpm
                0x00000000200015cc        0xc ./Core/gophercan-lib/GopherCAN_ids.o
                0x00000000200015cc                tcm_trans_rpm
 .bss.tcm_current_gear
                0x00000000200015d8        0x8 ./Core/gophercan-lib/GopherCAN_ids.o
                0x00000000200015d8                tcm_current_gear
 .bss.tcm_target_gear
                0x00000000200015e0        0x8 ./Core/gophercan-lib/GopherCAN_ids.o
                0x00000000200015e0                tcm_target_gear
 .bss.tcm_currently_moving
                0x00000000200015e8        0x8 ./Core/gophercan-lib/GopherCAN_ids.o
                0x00000000200015e8                tcm_currently_moving
 .bss.tcm_throttle_blip
                0x00000000200015f0        0x8 ./Core/gophercan-lib/GopherCAN_ids.o
                0x00000000200015f0                tcm_throttle_blip
 .bss.tcm_using_clutch
                0x00000000200015f8        0x8 ./Core/gophercan-lib/GopherCAN_ids.o
                0x00000000200015f8                tcm_using_clutch
 .bss.tcm_successful_shift
                0x0000000020001600        0x8 ./Core/gophercan-lib/GopherCAN_ids.o
                0x0000000020001600                tcm_successful_shift
 .bss.tcm_anti_stall
                0x0000000020001608        0x8 ./Core/gophercan-lib/GopherCAN_ids.o
                0x0000000020001608                tcm_anti_stall
 .bss.acm_fl_wing_angle
                0x0000000020001610        0xc ./Core/gophercan-lib/GopherCAN_ids.o
                0x0000000020001610                acm_fl_wing_angle
 .bss.acm_fr_wing_angle
                0x000000002000161c        0xc ./Core/gophercan-lib/GopherCAN_ids.o
                0x000000002000161c                acm_fr_wing_angle
 .bss.acm_rear_wing_angle
                0x0000000020001628        0xc ./Core/gophercan-lib/GopherCAN_ids.o
                0x0000000020001628                acm_rear_wing_angle
 .bss.pdm_1_current
                0x0000000020001634        0xc ./Core/gophercan-lib/GopherCAN_ids.o
                0x0000000020001634                pdm_1_current
 .bss.pdm_2_current
                0x0000000020001640        0xc ./Core/gophercan-lib/GopherCAN_ids.o
                0x0000000020001640                pdm_2_current
 .bss.pdm_3_current
                0x000000002000164c        0xc ./Core/gophercan-lib/GopherCAN_ids.o
                0x000000002000164c                pdm_3_current
 .bss.pdm_4_current
                0x0000000020001658        0xc ./Core/gophercan-lib/GopherCAN_ids.o
                0x0000000020001658                pdm_4_current
 .bss.pdm_5_current
                0x0000000020001664        0xc ./Core/gophercan-lib/GopherCAN_ids.o
                0x0000000020001664                pdm_5_current
 .bss.pdm_6_current
                0x0000000020001670        0xc ./Core/gophercan-lib/GopherCAN_ids.o
                0x0000000020001670                pdm_6_current
 .bss.pdm_7_current
                0x000000002000167c        0xc ./Core/gophercan-lib/GopherCAN_ids.o
                0x000000002000167c                pdm_7_current
 .bss.pdm_8_current
                0x0000000020001688        0xc ./Core/gophercan-lib/GopherCAN_ids.o
                0x0000000020001688                pdm_8_current
 .bss.pdm_9_current
                0x0000000020001694        0xc ./Core/gophercan-lib/GopherCAN_ids.o
                0x0000000020001694                pdm_9_current
 .bss.pdm_10_current
                0x00000000200016a0        0xc ./Core/gophercan-lib/GopherCAN_ids.o
                0x00000000200016a0                pdm_10_current
 .bss.pdm_11_current
                0x00000000200016ac        0xc ./Core/gophercan-lib/GopherCAN_ids.o
                0x00000000200016ac                pdm_11_current
 .bss.pdm_12_current
                0x00000000200016b8        0xc ./Core/gophercan-lib/GopherCAN_ids.o
                0x00000000200016b8                pdm_12_current
 .bss.pdm_13_current
                0x00000000200016c4        0xc ./Core/gophercan-lib/GopherCAN_ids.o
                0x00000000200016c4                pdm_13_current
 .bss.pdm_14_current
                0x00000000200016d0        0xc ./Core/gophercan-lib/GopherCAN_ids.o
                0x00000000200016d0                pdm_14_current
 .bss.pdm_15_current
                0x00000000200016dc        0xc ./Core/gophercan-lib/GopherCAN_ids.o
                0x00000000200016dc                pdm_15_current
 .bss.pdm_16_current
                0x00000000200016e8        0xc ./Core/gophercan-lib/GopherCAN_ids.o
                0x00000000200016e8                pdm_16_current
 .bss.pdm_17_current
                0x00000000200016f4        0xc ./Core/gophercan-lib/GopherCAN_ids.o
                0x00000000200016f4                pdm_17_current
 .bss.pdm_18_current
                0x0000000020001700        0xc ./Core/gophercan-lib/GopherCAN_ids.o
                0x0000000020001700                pdm_18_current
 .bss.pdm_19_current
                0x000000002000170c        0xc ./Core/gophercan-lib/GopherCAN_ids.o
                0x000000002000170c                pdm_19_current
 .bss.pdm_20_current
                0x0000000020001718        0xc ./Core/gophercan-lib/GopherCAN_ids.o
                0x0000000020001718                pdm_20_current
 .bss.pdm_voltage
                0x0000000020001724        0xc ./Core/gophercan-lib/GopherCAN_ids.o
                0x0000000020001724                pdm_voltage
 .bss.pdm_temp  0x0000000020001730        0xc ./Core/gophercan-lib/GopherCAN_ids.o
                0x0000000020001730                pdm_temp
 .bss.uwTick    0x000000002000173c        0x4 ./Drivers/STM32F7xx_HAL_Driver/Src/stm32f7xx_hal.o
                0x000000002000173c                uwTick
 .bss.pxCurrentTCB
                0x0000000020001740        0x4 ./Middlewares/Third_Party/FreeRTOS/Source/tasks.o
                0x0000000020001740                pxCurrentTCB
 .bss.pxReadyTasksLists
                0x0000000020001744       0x8c ./Middlewares/Third_Party/FreeRTOS/Source/tasks.o
 .bss.xDelayedTaskList1
                0x00000000200017d0       0x14 ./Middlewares/Third_Party/FreeRTOS/Source/tasks.o
 .bss.xDelayedTaskList2
                0x00000000200017e4       0x14 ./Middlewares/Third_Party/FreeRTOS/Source/tasks.o
 .bss.pxDelayedTaskList
                0x00000000200017f8        0x4 ./Middlewares/Third_Party/FreeRTOS/Source/tasks.o
 .bss.pxOverflowDelayedTaskList
                0x00000000200017fc        0x4 ./Middlewares/Third_Party/FreeRTOS/Source/tasks.o
 .bss.xPendingReadyList
                0x0000000020001800       0x14 ./Middlewares/Third_Party/FreeRTOS/Source/tasks.o
 .bss.xTasksWaitingTermination
                0x0000000020001814       0x14 ./Middlewares/Third_Party/FreeRTOS/Source/tasks.o
 .bss.uxDeletedTasksWaitingCleanUp
                0x0000000020001828        0x4 ./Middlewares/Third_Party/FreeRTOS/Source/tasks.o
 .bss.xSuspendedTaskList
                0x000000002000182c       0x14 ./Middlewares/Third_Party/FreeRTOS/Source/tasks.o
 .bss.uxCurrentNumberOfTasks
                0x0000000020001840        0x4 ./Middlewares/Third_Party/FreeRTOS/Source/tasks.o
 .bss.xTickCount
                0x0000000020001844        0x4 ./Middlewares/Third_Party/FreeRTOS/Source/tasks.o
 .bss.uxTopReadyPriority
                0x0000000020001848        0x4 ./Middlewares/Third_Party/FreeRTOS/Source/tasks.o
 .bss.xSchedulerRunning
                0x000000002000184c        0x4 ./Middlewares/Third_Party/FreeRTOS/Source/tasks.o
 .bss.uxPendedTicks
                0x0000000020001850        0x4 ./Middlewares/Third_Party/FreeRTOS/Source/tasks.o
 .bss.xYieldPending
                0x0000000020001854        0x4 ./Middlewares/Third_Party/FreeRTOS/Source/tasks.o
 .bss.xNumOfOverflows
                0x0000000020001858        0x4 ./Middlewares/Third_Party/FreeRTOS/Source/tasks.o
 .bss.uxTaskNumber
                0x000000002000185c        0x4 ./Middlewares/Third_Party/FreeRTOS/Source/tasks.o
 .bss.xNextTaskUnblockTime
                0x0000000020001860        0x4 ./Middlewares/Third_Party/FreeRTOS/Source/tasks.o
 .bss.xIdleTaskHandle
                0x0000000020001864        0x4 ./Middlewares/Third_Party/FreeRTOS/Source/tasks.o
 .bss.uxSchedulerSuspended
                0x0000000020001868        0x4 ./Middlewares/Third_Party/FreeRTOS/Source/tasks.o
 .bss.ucMaxSysCallPriority
                0x000000002000186c        0x1 ./Middlewares/Third_Party/FreeRTOS/Source/portable/GCC/ARM_CM7/r0p1/port.o
 *fill*         0x000000002000186d        0x3 
 .bss.ulMaxPRIGROUPValue
                0x0000000020001870        0x4 ./Middlewares/Third_Party/FreeRTOS/Source/portable/GCC/ARM_CM7/r0p1/port.o
 .bss.ucHeap    0x0000000020001874     0x3c00 ./Middlewares/Third_Party/FreeRTOS/Source/portable/MemMang/heap_4.o
 .bss.xStart    0x0000000020005474        0x8 ./Middlewares/Third_Party/FreeRTOS/Source/portable/MemMang/heap_4.o
 .bss.pxEnd     0x000000002000547c        0x4 ./Middlewares/Third_Party/FreeRTOS/Source/portable/MemMang/heap_4.o
 .bss.xFreeBytesRemaining
                0x0000000020005480        0x4 ./Middlewares/Third_Party/FreeRTOS/Source/portable/MemMang/heap_4.o
 .bss.xMinimumEverFreeBytesRemaining
                0x0000000020005484        0x4 ./Middlewares/Third_Party/FreeRTOS/Source/portable/MemMang/heap_4.o
 .bss.xBlockAllocatedBit
                0x0000000020005488        0x4 ./Middlewares/Third_Party/FreeRTOS/Source/portable/MemMang/heap_4.o
 *(COMMON)
                0x000000002000548c                . = ALIGN (0x4)
                0x000000002000548c                _ebss = .
                0x000000002000548c                __bss_end__ = _ebss

._user_heap_stack
                0x000000002000548c      0x604 load address 0x00000000080075b0
                0x0000000020005490                . = ALIGN (0x8)
 *fill*         0x000000002000548c        0x4 
                [!provide]                        PROVIDE (end = .)
                [!provide]                        PROVIDE (_end = .)
                0x0000000020005690                . = (. + _Min_Heap_Size)
 *fill*         0x0000000020005490      0x200 
                0x0000000020005a90                . = (. + _Min_Stack_Size)
 *fill*         0x0000000020005690      0x400 
                0x0000000020005a90                . = ALIGN (0x8)

/DISCARD/
 libc.a(*)
 libm.a(*)
 libgcc.a(*)

.ARM.attributes
                0x0000000000000000       0x30
 *(.ARM.attributes)
 .ARM.attributes
                0x0000000000000000       0x1e c:/st/stm32cubeide_1.6.1/stm32cubeide/plugins/com.st.stm32cube.ide.mcu.externaltools.gnu-tools-for-stm32.10.3-2021.10.win32_1.0.0.202111181127/tools/bin/../lib/gcc/arm-none-eabi/10.3.1/thumb/v7e-m+fp/hard/crti.o
 .ARM.attributes