../Core/Src/main.c:82:5:main	72	static
../Core/Src/main.c:163:6:SystemClock_Config	88	static
../Core/Src/main.c:213:13:MX_ADC1_Init	24	static
../Core/Src/main.c:263:13:MX_ADC3_Init	24	static
../Core/Src/main.c:313:13:MX_CAN1_Init	8	static
../Core/Src/main.c:350:13:MX_TIM2_Init	64	static
../Core/Src/main.c:417:13:MX_TIM8_Init	112	static
../Core/Src/main.c:497:13:MX_GPIO_Init	48	static
../Core/Src/main.c:557:6:task_main_loop	88	static
../Core/Src/main.c:618:6:task_gcan_hw	16	static
../Core/Src/main.c:637:6:HAL_TIM_PeriodElapsedCallback	16	static
../Core/Src/main.c:654:6:Error_Handler	4	static,ignoring_inline_asm
